===Config: 2 2, Size: 100x100 ===
(0) Solve time:             0.018870 s
(0) Computation:            0.016465 s ( 87.3%)
(0) Exchange:               0.000921 s (  4.9%)
(0) Global comm:            0.001362 s (  7.2%)
(0) Idle:                   0.000122 s (  0.6%)
Number of iterations : 146
(0) Elapsed Wtime:       0.062242 s ( 90.6% CPU)
(2) Solve time:             0.018711 s
(2) Computation:            0.016473 s ( 88.0%)
(2) Exchange:               0.001749 s (  9.3%)
(2) Global comm:            0.000369 s (  2.0%)
(2) Idle:                   0.000121 s (  0.6%)
(2) Elapsed Wtime:       0.062575 s ( 91.4% CPU)
(1) Solve time:             0.018774 s
(1) Computation:            0.016538 s ( 88.1%)
(1) Exchange:               0.001318 s (  7.0%)
(1) Global comm:            0.000797 s (  4.2%)
(1) Idle:                   0.000121 s (  0.6%)
(1) Elapsed Wtime:       0.061074 s ( 93.1% CPU)
(3) Solve time:             0.018709 s
(3) Computation:            0.016477 s ( 88.1%)
(3) Exchange:               0.001683 s (  9.0%)
(3) Global comm:            0.000426 s (  2.3%)
(3) Idle:                   0.000123 s (  0.7%)
(3) Elapsed Wtime:       0.062023 s ( 91.1% CPU)

===Config: 2 2, Size: 200x200 ===
(2) Solve time:             0.135855 s
(2) Computation:            0.129353 s ( 95.2%)
(2) Exchange:               0.004533 s (  3.3%)
(2) Global comm:            0.001466 s (  1.1%)
(2) Idle:                   0.000503 s (  0.4%)
(2) Elapsed Wtime:       0.195310 s ( 98.2% CPU)
(1) Solve time:             0.135930 s
(1) Computation:            0.129809 s ( 95.5%)
(1) Exchange:               0.003237 s (  2.4%)
(1) Global comm:            0.002387 s (  1.8%)
(1) Idle:                   0.000497 s (  0.4%)
(1) Elapsed Wtime:       0.195448 s ( 98.2% CPU)
(0) Solve time:             0.135968 s
(0) Computation:            0.129809 s ( 95.5%)
(0) Exchange:               0.001966 s (  1.4%)
(0) Global comm:            0.003692 s (  2.7%)
(0) Idle:                   0.000501 s (  0.4%)
Number of iterations : 278
(0) Elapsed Wtime:       0.195368 s ( 98.1% CPU)
(3) Solve time:             0.135930 s
(3) Computation:            0.129614 s ( 95.4%)
(3) Exchange:               0.004336 s (  3.2%)
(3) Global comm:            0.001473 s (  1.1%)
(3) Idle:                   0.000507 s (  0.4%)
(3) Elapsed Wtime:       0.195396 s ( 98.3% CPU)

===Config: 2 2, Size: 400x400 ===
(2) Solve time:             1.227856 s
(2) Computation:            1.200836 s ( 97.8%)
(2) Exchange:               0.011841 s (  1.0%)
(2) Global comm:            0.013184 s (  1.1%)
(2) Idle:                   0.001996 s (  0.2%)
(2) Elapsed Wtime:       1.367952 s ( 99.2% CPU)
(3) Solve time:             1.227577 s
(3) Computation:            1.197173 s ( 97.5%)
(3) Exchange:               0.011065 s (  0.9%)
(3) Global comm:            0.017329 s (  1.4%)
(3) Idle:                   0.002009 s (  0.2%)
(3) Elapsed Wtime:       1.367942 s ( 99.2% CPU)
(0) Solve time:             1.228072 s
(0) Computation:            1.195895 s ( 97.4%)
(0) Exchange:               0.005192 s (  0.4%)
(0) Global comm:            0.024974 s (  2.0%)
(0) Idle:                   0.002010 s (  0.2%)
Number of iterations : 532
(0) Elapsed Wtime:       1.368185 s ( 99.2% CPU)
(1) Solve time:             1.228270 s
(1) Computation:            1.198431 s ( 97.6%)
(1) Exchange:               0.008923 s (  0.7%)
(1) Global comm:            0.018868 s (  1.5%)
(1) Idle:                   0.002048 s (  0.2%)
(1) Elapsed Wtime:       1.368057 s ( 99.3% CPU)

===Config: 2 2, Size: 800x800 ===
(1) Solve time:            10.061730 s
(1) Computation:            9.928825 s ( 98.7%)
(1) Exchange:               0.026784 s (  0.3%)
(1) Global comm:            0.097870 s (  1.0%)
(1) Idle:                   0.008252 s (  0.1%)
(1) Elapsed Wtime:      10.519536 s ( 99.4% CPU)
(2) Solve time:            10.060672 s
(2) Computation:            9.868075 s ( 98.1%)
(2) Exchange:               0.039891 s (  0.4%)
(2) Global comm:            0.144451 s (  1.4%)
(2) Idle:                   0.008255 s (  0.1%)
(2) Elapsed Wtime:      10.518555 s ( 99.5% CPU)
(3) Solve time:            10.059773 s
(3) Computation:            9.828096 s ( 97.7%)
(3) Exchange:               0.043800 s (  0.4%)
(3) Global comm:            0.179724 s (  1.8%)
(3) Idle:                   0.008152 s (  0.1%)
(3) Elapsed Wtime:      10.518218 s ( 99.5% CPU)
(0) Solve time:            10.059869 s
(0) Computation:            9.830542 s ( 97.7%)
(0) Exchange:               0.025267 s (  0.3%)
(0) Global comm:            0.195839 s (  1.9%)
(0) Idle:                   0.008221 s (  0.1%)
Number of iterations : 1023
(0) Elapsed Wtime:      10.518653 s ( 99.5% CPU)

