Matrix size 6000 X 6000 
Power method in CPU starts
*************************************
CPU lamda at 0: 224305.500000 
CPU lamda at 1: 299995.718750 
CPU lamda at 2: 299999.843750 
CPU lamda at 3: 300000.468750 
CPU lamda at 4: 300000.437500 
CPU lamda at 5: 300000.375000 
CPU lamda at 6: 300000.375000 
*************************************
CPU: run time = 0.592881 secs.
CPU: malloc time = 0.000005 secs.
Power method in CPU is finished

Power method in GPU starts
This GPU has major architecture 8, minor 0 
*************************************
GPU lamda at 0: 224300.046875
GPU lamda at 1: 299995.218750
GPU lamda at 2: 300000.812500
GPU lamda at 3: 300000.656250
GPU lamda at 4: 300000.625000
GPU lamda at 5: 300000.593750
GPU lamda at 6: 300000.593750
*************************************
GPU: Total runtime (incl. Memory copies) = 0.098907 secs.
GPU: Kernel runtime = 0.085983 secs.
GPU: Memcpy runtime = 0.012924 secs.
GPU: Memset runtime = 0.000020 secs.
GPU: Memalloc runtime = 0.075080 secs.
GPU: Speedup (incl. Memory copies) = 5.994310.
GPU: Speedup (excl. Memory copies) = 6.895317.
