Matrix size 10000 X 10000 
Power method in CPU starts
*************************************
CPU lamda at 0: 371278.343750 
CPU lamda at 1: 499970.656250 
CPU lamda at 2: 499975.468750 
CPU lamda at 3: 499974.593750 
CPU lamda at 4: 499974.687500 
CPU lamda at 5: 499974.750000 
CPU lamda at 6: 499974.812500 
CPU lamda at 7: 499974.718750 
CPU lamda at 8: 499974.718750 
*************************************
CPU: run time = 1.998640 secs.
CPU: malloc time = 0.000009 secs.
Power method in CPU is finished

Power method in GPU starts
This GPU has major architecture 8, minor 0 
*************************************
GPU lamda at 0: 371248.062500
GPU lamda at 1: 499970.875000
GPU lamda at 2: 499976.750000
GPU lamda at 3: 499976.718750
GPU lamda at 4: 499976.500000
GPU lamda at 5: 499976.531250
GPU lamda at 6: 499976.437500
GPU lamda at 7: 499976.250000
GPU lamda at 8: 499976.531250
GPU lamda at 9: 499976.468750
GPU lamda at 10: 499976.375000
GPU lamda at 11: 499976.500000
GPU lamda at 12: 499976.593750
GPU lamda at 13: 499976.562500
GPU lamda at 14: 499976.468750
GPU lamda at 15: 499976.625000
GPU lamda at 16: 499976.343750
GPU lamda at 17: 499976.687500
GPU lamda at 18: 499976.406250
GPU lamda at 19: 499976.406250
*************************************
GPU: Total runtime (incl. Memory copies) = 0.178483 secs.
GPU: Kernel runtime = 0.143136 secs.
GPU: Memcpy runtime = 0.035347 secs.
GPU: Memset runtime = 0.000049 secs.
GPU: Memalloc runtime = 0.084384 secs.
GPU: Speedup (incl. Memory copies) = 11.197937.
GPU: Speedup (excl. Memory copies) = 13.963216.
