===Config: 1 4, Size: 100x100 ===
(0) Solve time:             0.018575 s
(0) Computation:            0.015877 s ( 85.5%)
(0) Exchange:               0.000845 s (  4.5%)
(0) Global comm:            0.001728 s (  9.3%)
(0) Idle:                   0.000125 s (  0.7%)
Number of iterations : 141
(0) Elapsed Wtime:       0.048877 s ( 93.9% CPU)
(1) Solve time:             0.018332 s
(1) Computation:            0.016492 s ( 90.0%)
(1) Exchange:               0.000904 s (  4.9%)
(1) Global comm:            0.000808 s (  4.4%)
(1) Idle:                   0.000128 s (  0.7%)
(1) Elapsed Wtime:       0.049182 s ( 94.4% CPU)
(3) Solve time:             0.018293 s
(3) Computation:            0.015909 s ( 87.0%)
(3) Exchange:               0.001400 s (  7.7%)
(3) Global comm:            0.000858 s (  4.7%)
(3) Idle:                   0.000126 s (  0.7%)
(3) Elapsed Wtime:       0.048827 s ( 94.9% CPU)
(2) Solve time:             0.018320 s
(2) Computation:            0.016517 s ( 90.2%)
(2) Exchange:               0.001279 s (  7.0%)
(2) Global comm:            0.000395 s (  2.2%)
(2) Idle:                   0.000129 s (  0.7%)
(2) Elapsed Wtime:       0.049053 s ( 92.6% CPU)

===Config: 1 4, Size: 200x200 ===
(0) Solve time:             0.141324 s
(0) Computation:            0.132976 s ( 94.1%)
(0) Exchange:               0.002150 s (  1.5%)
(0) Global comm:            0.005676 s (  4.0%)
(0) Idle:                   0.000523 s (  0.4%)
Number of iterations : 274
(0) Elapsed Wtime:       0.201256 s ( 97.8% CPU)
(1) Solve time:             0.140905 s
(1) Computation:            0.134531 s ( 95.5%)
(1) Exchange:               0.002416 s (  1.7%)
(1) Global comm:            0.003405 s (  2.4%)
(1) Idle:                   0.000552 s (  0.4%)
(1) Elapsed Wtime:       0.201506 s ( 98.3% CPU)
(2) Solve time:             0.140812 s
(2) Computation:            0.133973 s ( 95.1%)
(2) Exchange:               0.003439 s (  2.4%)
(2) Global comm:            0.002840 s (  2.0%)
(2) Idle:                   0.000559 s (  0.4%)
(2) Elapsed Wtime:       0.201329 s ( 98.2% CPU)
(3) Solve time:             0.141286 s
(3) Computation:            0.131860 s ( 93.3%)
(3) Exchange:               0.004359 s (  3.1%)
(3) Global comm:            0.004524 s (  3.2%)
(3) Idle:                   0.000544 s (  0.4%)
(3) Elapsed Wtime:       0.201157 s ( 98.4% CPU)

===Config: 1 4, Size: 400x400 ===
(2) Solve time:             1.250315 s
(2) Computation:            1.222952 s ( 97.8%)
(2) Exchange:               0.008524 s (  0.7%)
(2) Global comm:            0.016776 s (  1.3%)
(2) Idle:                   0.002063 s (  0.2%)
(2) Elapsed Wtime:       1.391732 s ( 99.3% CPU)
(1) Solve time:             1.250237 s
(1) Computation:            1.229350 s ( 98.3%)
(1) Exchange:               0.005539 s (  0.4%)
(1) Global comm:            0.013235 s (  1.1%)
(1) Idle:                   0.002113 s (  0.2%)
(1) Elapsed Wtime:       1.392043 s ( 99.3% CPU)
(3) Solve time:             1.250888 s
(3) Computation:            1.218554 s ( 97.4%)
(3) Exchange:               0.010561 s (  0.8%)
(3) Global comm:            0.019683 s (  1.6%)
(3) Idle:                   0.002090 s (  0.2%)
(3) Elapsed Wtime:       1.391845 s ( 99.3% CPU)
(0) Solve time:             1.251013 s
(0) Computation:            1.218588 s ( 97.4%)
(0) Exchange:               0.004902 s (  0.4%)
(0) Global comm:            0.025429 s (  2.0%)
(0) Idle:                   0.002094 s (  0.2%)
Number of iterations : 529
(0) Elapsed Wtime:       1.392146 s ( 99.3% CPU)

===Config: 1 4, Size: 800x800 ===
(0) Solve time:             9.999078 s
(0) Computation:            9.918743 s ( 99.2%)
(0) Exchange:               0.014342 s (  0.1%)
(0) Global comm:            0.057801 s (  0.6%)
(0) Idle:                   0.008191 s (  0.1%)
Number of iterations : 1021
(0) Elapsed Wtime:      10.451473 s ( 99.5% CPU)
(2) Solve time:             9.999310 s
(2) Computation:            9.892624 s ( 98.9%)
(2) Exchange:               0.034381 s (  0.3%)
(2) Global comm:            0.064150 s (  0.6%)
(2) Idle:                   0.008155 s (  0.1%)
(2) Elapsed Wtime:      10.451284 s ( 99.5% CPU)
(3) Solve time:            10.000341 s
(3) Computation:            9.857328 s ( 98.6%)
(3) Exchange:               0.035381 s (  0.4%)
(3) Global comm:            0.099449 s (  1.0%)
(3) Idle:                   0.008183 s (  0.1%)
(3) Elapsed Wtime:      10.451161 s ( 99.5% CPU)
(1) Solve time:             9.999472 s
(1) Computation:            9.795941 s ( 98.0%)
(1) Exchange:               0.023379 s (  0.2%)
(1) Global comm:            0.171999 s (  1.7%)
(1) Idle:                   0.008152 s (  0.1%)
(1) Elapsed Wtime:      10.452216 s ( 99.5% CPU)

(0) Solve time:            10.050631 s
(0) Computation:            9.936568 s ( 98.9%)
(0) Exchange:               0.011992 s (  0.1%)
(0) Global comm:            0.093383 s (  0.9%)
(0) Idle:                   0.008688 s (  0.1%)
Number of iterations : 1021
(0) Elapsed Wtime:      10.538308 s ( 99.2% CPU)
(2) Solve time:            10.049761 s
(2) Computation:            9.841720 s ( 97.9%)
(2) Exchange:               0.019538 s (  0.2%)
(2) Global comm:            0.179928 s (  1.8%)
(2) Idle:                   0.008575 s (  0.1%)
(2) Elapsed Wtime:      10.500331 s ( 99.5% CPU)
(3) Solve time:            10.050875 s
(3) Computation:            9.793283 s ( 97.4%)
(3) Exchange:               0.024227 s (  0.2%)
(3) Global comm:            0.224818 s (  2.2%)
(3) Idle:                   0.008547 s (  0.1%)
(3) Elapsed Wtime:      10.512967 s ( 99.4% CPU)
(1) Solve time:            10.049596 s
(1) Computation:            9.938181 s ( 98.9%)
(1) Exchange:               0.013396 s (  0.1%)
(1) Global comm:            0.089494 s (  0.9%)
(1) Idle:                   0.008524 s (  0.1%)
(1) Elapsed Wtime:      10.501081 s ( 99.5% CPU)

===Config: 2 2, Size: 100x100 ===
(0) Solve time:             0.018417 s
(0) Computation:            0.015909 s ( 86.4%)
(0) Exchange:               0.000826 s (  4.5%)
(0) Global comm:            0.001552 s (  8.4%)
(0) Idle:                   0.000131 s (  0.7%)
Number of iterations : 141
(0) Elapsed Wtime:       0.077791 s ( 71.3% CPU)
(3) Solve time:             0.018343 s
(3) Computation:            0.015967 s ( 87.0%)
(3) Exchange:               0.001755 s (  9.6%)
(3) Global comm:            0.000494 s (  2.7%)
(3) Idle:                   0.000128 s (  0.7%)
(3) Elapsed Wtime:       0.067080 s ( 83.6% CPU)
(1) Solve time:             0.018353 s
(1) Computation:            0.016074 s ( 87.6%)
(1) Exchange:               0.001314 s (  7.2%)
(1) Global comm:            0.000826 s (  4.5%)
(1) Idle:                   0.000139 s (  0.8%)
(1) Elapsed Wtime:       0.059014 s ( 94.9% CPU)
(2) Solve time:             0.018322 s
(2) Computation:            0.015979 s ( 87.2%)
(2) Exchange:               0.001775 s (  9.7%)
(2) Global comm:            0.000440 s (  2.4%)
(2) Idle:                   0.000127 s (  0.7%)
(2) Elapsed Wtime:       0.066612 s ( 84.3% CPU)

===Config: 2 2, Size: 200x200 ===
(3) Solve time:             0.137951 s
(3) Computation:            0.129549 s ( 93.9%)
(3) Exchange:               0.004570 s (  3.3%)
(3) Global comm:            0.003283 s (  2.4%)
(3) Idle:                   0.000549 s (  0.4%)
(3) Elapsed Wtime:       0.198178 s ( 97.9% CPU)
(0) Solve time:             0.138046 s
(0) Computation:            0.131134 s ( 95.0%)
(0) Exchange:               0.002091 s (  1.5%)
(0) Global comm:            0.004265 s (  3.1%)
(0) Idle:                   0.000557 s (  0.4%)
Number of iterations : 274
(0) Elapsed Wtime:       0.198086 s ( 97.8% CPU)
(1) Solve time:             0.138001 s
(1) Computation:            0.130762 s ( 94.8%)
(1) Exchange:               0.003381 s (  2.5%)
(1) Global comm:            0.003295 s (  2.4%)
(1) Idle:                   0.000563 s (  0.4%)
(1) Elapsed Wtime:       0.198232 s ( 98.1% CPU)
(2) Solve time:             0.137969 s
(2) Computation:            0.130563 s ( 94.6%)
(2) Exchange:               0.004762 s (  3.5%)
(2) Global comm:            0.002101 s (  1.5%)
(2) Idle:                   0.000543 s (  0.4%)
(2) Elapsed Wtime:       0.198236 s ( 98.0% CPU)

===Config: 2 2, Size: 400x400 ===
(2) Solve time:             1.234290 s
(2) Computation:            1.197395 s ( 97.0%)
(2) Exchange:               0.011503 s (  0.9%)
(2) Global comm:            0.023315 s (  1.9%)
(2) Idle:                   0.002076 s (  0.2%)
(2) Elapsed Wtime:       1.374286 s ( 99.3% CPU)
(0) Solve time:             1.234136 s
(0) Computation:            1.205916 s ( 97.7%)
(0) Exchange:               0.005681 s (  0.5%)
(0) Global comm:            0.020493 s (  1.7%)
(0) Idle:                   0.002046 s (  0.2%)
Number of iterations : 529
(0) Elapsed Wtime:       1.374617 s ( 99.2% CPU)
(1) Solve time:             1.234322 s
(1) Computation:            1.208334 s ( 97.9%)
(1) Exchange:               0.008358 s (  0.7%)
(1) Global comm:            0.015507 s (  1.3%)
(1) Idle:                   0.002122 s (  0.2%)
(1) Elapsed Wtime:       1.374585 s ( 99.3% CPU)
(3) Solve time:             1.234092 s
(3) Computation:            1.206573 s ( 97.8%)
(3) Exchange:               0.011103 s (  0.9%)
(3) Global comm:            0.014373 s (  1.2%)
(3) Idle:                   0.002042 s (  0.2%)
(3) Elapsed Wtime:       1.374284 s ( 99.3% CPU)

===Config: 2 2, Size: 800x800 ===
(1) Solve time:             9.952194 s
(1) Computation:            9.770544 s ( 98.2%)
(1) Exchange:               0.026921 s (  0.3%)
(1) Global comm:            0.146385 s (  1.5%)
(1) Idle:                   0.008345 s (  0.1%)
(1) Elapsed Wtime:      10.405027 s ( 99.5% CPU)
(2) Solve time:             9.951967 s
(2) Computation:            9.690761 s ( 97.4%)
(2) Exchange:               0.034613 s (  0.3%)
(2) Global comm:            0.218318 s (  2.2%)
(2) Idle:                   0.008275 s (  0.1%)
(2) Elapsed Wtime:      10.403735 s ( 99.5% CPU)
(3) Solve time:             9.951399 s
(3) Computation:            9.792184 s ( 98.4%)
(3) Exchange:               0.038150 s (  0.4%)
(3) Global comm:            0.112740 s (  1.1%)
(3) Idle:                   0.008325 s (  0.1%)
(3) Elapsed Wtime:      10.403593 s ( 99.5% CPU)
(0) Solve time:             9.951762 s
(0) Computation:            9.823195 s ( 98.7%)
(0) Exchange:               0.021225 s (  0.2%)
(0) Global comm:            0.099066 s (  1.0%)
(0) Idle:                   0.008276 s (  0.1%)
Number of iterations : 1021
(0) Elapsed Wtime:      10.404358 s ( 99.5% CPU)

