===Config: 1 4, Size: 10x10 ===
(0) Solve time:             0.000337 s
(0) Computation:            0.000014 s (  4.1%)
(0) Exchange:               0.000185 s ( 55.0%)
(0) Global comm:            0.000134 s ( 39.7%)
(0) Idle:                   0.000004 s (  1.1%)
Number of iterations : 16
(0) Elapsed Wtime:       0.062274 s ( 50.2% CPU)
(2) Solve time:             0.000297 s
(2) Computation:            0.000019 s (  6.6%)
(2) Exchange:               0.000206 s ( 69.5%)
(2) Global comm:            0.000067 s ( 22.5%)
(2) Idle:                   0.000004 s (  1.4%)
(2) Elapsed Wtime:       1.450052 s (  2.7% CPU)
(3) Solve time:             0.000343 s
(3) Computation:            0.000020 s (  5.7%)
(3) Exchange:               0.000248 s ( 72.2%)
(3) Global comm:            0.000072 s ( 20.9%)
(3) Idle:                   0.000004 s (  1.2%)
(3) Elapsed Wtime:       1.430195 s (  2.8% CPU)
(1) Solve time:             0.000242 s
(1) Computation:            0.000035 s ( 14.6%)
(1) Exchange:               0.000103 s ( 42.5%)
(1) Global comm:            0.000100 s ( 41.1%)
(1) Idle:                   0.000004 s (  1.8%)
(1) Elapsed Wtime:       0.041548 s ( 95.0% CPU)

===Config: 1 4, Size: 15x15 ===
(0) Solve time:             0.000558 s
(0) Computation:            0.000043 s (  7.7%)
(0) Exchange:               0.000241 s ( 43.2%)
(0) Global comm:            0.000268 s ( 48.1%)
(0) Idle:                   0.000006 s (  1.0%)
Number of iterations : 24
(0) Elapsed Wtime:       0.034322 s ( 91.8% CPU)
(3) Solve time:             0.000486 s
(3) Computation:            0.000060 s ( 12.4%)
(3) Exchange:               0.000304 s ( 62.5%)
(3) Global comm:            0.000116 s ( 23.8%)
(3) Idle:                   0.000007 s (  1.3%)
(3) Elapsed Wtime:       0.033649 s ( 95.7% CPU)
(2) Solve time:             0.000426 s
(2) Computation:            0.000082 s ( 19.4%)
(2) Exchange:               0.000237 s ( 55.7%)
(2) Global comm:            0.000099 s ( 23.3%)
(2) Idle:                   0.000007 s (  1.7%)
(2) Elapsed Wtime:       0.033736 s ( 95.3% CPU)
(1) Solve time:             0.000413 s
(1) Computation:            0.000076 s ( 18.5%)
(1) Exchange:               0.000147 s ( 35.5%)
(1) Global comm:            0.000183 s ( 44.2%)
(1) Idle:                   0.000007 s (  1.8%)
(1) Elapsed Wtime:       0.033821 s ( 94.7% CPU)

===Config: 1 4, Size: 20x20 ===
(1) Solve time:             0.000522 s
(1) Computation:            0.000170 s ( 32.6%)
(1) Exchange:               0.000172 s ( 33.0%)
(1) Global comm:            0.000169 s ( 32.4%)
(1) Idle:                   0.000010 s (  1.9%)
(1) Elapsed Wtime:       0.013986 s ( 88.0% CPU)
(0) Solve time:             0.000655 s
(0) Computation:            0.000142 s ( 21.7%)
(0) Exchange:               0.000248 s ( 37.9%)
(0) Global comm:            0.000255 s ( 38.9%)
(0) Idle:                   0.000010 s (  1.5%)
Number of iterations : 32
(0) Elapsed Wtime:       0.013884 s ( 84.2% CPU)
(2) Solve time:             0.000534 s
(2) Computation:            0.000173 s ( 32.5%)
(2) Exchange:               0.000274 s ( 51.2%)
(2) Global comm:            0.000077 s ( 14.4%)
(2) Idle:                   0.000010 s (  1.9%)
(2) Elapsed Wtime:       0.013966 s ( 86.9% CPU)
(3) Solve time:             0.000560 s
(3) Computation:            0.000137 s ( 24.5%)
(3) Exchange:               0.000314 s ( 56.0%)
(3) Global comm:            0.000099 s ( 17.7%)
(3) Idle:                   0.000010 s (  1.8%)
(3) Elapsed Wtime:       0.013908 s ( 86.8% CPU)

===Config: 1 4, Size: 30x30 ===
(0) Solve time:             0.001270 s
(0) Computation:            0.000428 s ( 33.7%)
(0) Exchange:               0.000390 s ( 30.7%)
(0) Global comm:            0.000429 s ( 33.8%)
(0) Idle:                   0.000023 s (  1.8%)
Number of iterations : 49
(0) Elapsed Wtime:       0.025111 s ( 86.0% CPU)
(3) Solve time:             0.001160 s
(3) Computation:            0.000517 s ( 44.6%)
(3) Exchange:               0.000508 s ( 43.8%)
(3) Global comm:            0.000118 s ( 10.2%)
(3) Idle:                   0.000017 s (  1.4%)
(3) Elapsed Wtime:       0.025180 s ( 91.4% CPU)
(1) Solve time:             0.001029 s
(1) Computation:            0.000552 s ( 53.6%)
(1) Exchange:               0.000254 s ( 24.7%)
(1) Global comm:            0.000206 s ( 20.0%)
(1) Idle:                   0.000018 s (  1.7%)
(1) Elapsed Wtime:       0.025226 s ( 91.2% CPU)
(2) Solve time:             0.001173 s
(2) Computation:            0.000488 s ( 41.6%)
(2) Exchange:               0.000491 s ( 41.8%)
(2) Global comm:            0.000177 s ( 15.1%)
(2) Idle:                   0.000017 s (  1.5%)
(2) Elapsed Wtime:       0.039597 s ( 58.5% CPU)

===Config: 1 4, Size: 50x50 ===
(1) Solve time:             0.002885 s
(1) Computation:            0.002267 s ( 78.6%)
(1) Exchange:               0.000350 s ( 12.1%)
(1) Global comm:            0.000231 s (  8.0%)
(1) Idle:                   0.000037 s (  1.3%)
(1) Elapsed Wtime:       0.038196 s ( 93.8% CPU)
(2) Solve time:             0.003055 s
(2) Computation:            0.002053 s ( 67.2%)
(2) Exchange:               0.000682 s ( 22.3%)
(2) Global comm:            0.000285 s (  9.3%)
(2) Idle:                   0.000035 s (  1.1%)
(2) Elapsed Wtime:       0.048186 s ( 74.8% CPU)
(3) Solve time:             0.003077 s
(3) Computation:            0.002099 s ( 68.2%)
(3) Exchange:               0.000735 s ( 23.9%)
(3) Global comm:            0.000208 s (  6.7%)
(3) Idle:                   0.000035 s (  1.1%)
(3) Elapsed Wtime:       0.047576 s ( 74.9% CPU)
(0) Solve time:             0.003199 s
(0) Computation:            0.001899 s ( 59.4%)
(0) Exchange:               0.000542 s ( 17.0%)
(0) Global comm:            0.000723 s ( 22.6%)
(0) Idle:                   0.000034 s (  1.1%)
Number of iterations : 74
(0) Elapsed Wtime:       0.038201 s ( 92.6% CPU)

===Config: 1 4, Size: 75x75 ===
(0) Solve time:             0.009176 s
(0) Computation:            0.006585 s ( 71.8%)
(0) Exchange:               0.000809 s (  8.8%)
(0) Global comm:            0.001688 s ( 18.4%)
(0) Idle:                   0.000094 s (  1.0%)
Number of iterations : 109
(0) Elapsed Wtime:       0.046602 s ( 94.6% CPU)
(2) Solve time:             0.008789 s
(2) Computation:            0.007341 s ( 83.5%)
(2) Exchange:               0.001000 s ( 11.4%)
(2) Global comm:            0.000341 s (  3.9%)
(2) Idle:                   0.000106 s (  1.2%)
(2) Elapsed Wtime:       0.046838 s ( 95.3% CPU)
(3) Solve time:             0.008964 s
(3) Computation:            0.006945 s ( 77.5%)
(3) Exchange:               0.001295 s ( 14.5%)
(3) Global comm:            0.000633 s (  7.1%)
(3) Idle:                   0.000090 s (  1.0%)
(3) Elapsed Wtime:       0.059143 s ( 75.4% CPU)
(1) Solve time:             0.008816 s
(1) Computation:            0.007320 s ( 83.0%)
(1) Exchange:               0.000745 s (  8.4%)
(1) Global comm:            0.000651 s (  7.4%)
(1) Idle:                   0.000100 s (  1.1%)
(1) Elapsed Wtime:       0.052600 s ( 85.1% CPU)

===Config: 1 4, Size: 100x100 ===
(0) Solve time:             0.019690 s
(0) Computation:            0.016982 s ( 86.2%)
(0) Exchange:               0.000916 s (  4.7%)
(0) Global comm:            0.001665 s (  8.5%)
(0) Idle:                   0.000127 s (  0.6%)
Number of iterations : 141
(0) Elapsed Wtime:       0.059632 s ( 94.7% CPU)
(2) Solve time:             0.019534 s
(2) Computation:            0.016833 s ( 86.2%)
(2) Exchange:               0.001438 s (  7.4%)
(2) Global comm:            0.001132 s (  5.8%)
(2) Idle:                   0.000131 s (  0.7%)
(2) Elapsed Wtime:       0.082138 s ( 69.9% CPU)
(3) Solve time:             0.019732 s
(3) Computation:            0.015999 s ( 81.1%)
(3) Exchange:               0.001758 s (  8.9%)
(3) Global comm:            0.001844 s (  9.3%)
(3) Idle:                   0.000131 s (  0.7%)
(3) Elapsed Wtime:       0.082046 s ( 69.6% CPU)
(1) Solve time:             0.019436 s
(1) Computation:            0.016845 s ( 86.7%)
(1) Exchange:               0.000950 s (  4.9%)
(1) Global comm:            0.001508 s (  7.8%)
(1) Idle:                   0.000132 s (  0.7%)
(1) Elapsed Wtime:       0.059580 s ( 96.6% CPU)

===Config: 2 2, Size: 10x10 ===
(1) Solve time:             0.000369 s
(1) Computation:            0.000022 s (  6.0%)
(1) Exchange:               0.000219 s ( 59.2%)
(1) Global comm:            0.000113 s ( 30.6%)
(1) Idle:                   0.000016 s (  4.2%)
(1) Elapsed Wtime:       0.033740 s ( 94.1% CPU)
(2) Solve time:             0.000358 s
(2) Computation:            0.000021 s (  5.9%)
(2) Exchange:               0.000275 s ( 77.0%)
(2) Global comm:            0.000057 s ( 15.8%)
(2) Idle:                   0.000005 s (  1.4%)
(2) Elapsed Wtime:       0.033714 s ( 94.7% CPU)
(0) Solve time:             0.000414 s
(0) Computation:            0.000032 s (  7.7%)
(0) Exchange:               0.000175 s ( 42.3%)
(0) Global comm:            0.000203 s ( 48.9%)
(0) Idle:                   0.000005 s (  1.1%)
Number of iterations : 16
(0) Elapsed Wtime:       0.045089 s ( 68.9% CPU)
(3) Solve time:             0.000384 s
(3) Computation:            0.000021 s (  5.4%)
(3) Exchange:               0.000284 s ( 74.1%)
(3) Global comm:            0.000074 s ( 19.3%)
(3) Idle:                   0.000005 s (  1.2%)
(3) Elapsed Wtime:       0.033807 s ( 94.1% CPU)

===Config: 2 2, Size: 15x15 ===
(0) Solve time:             0.000510 s
(0) Computation:            0.000054 s ( 10.5%)
(0) Exchange:               0.000192 s ( 37.7%)
(0) Global comm:            0.000257 s ( 50.5%)
(0) Idle:                   0.000007 s (  1.3%)
Number of iterations : 24
(0) Elapsed Wtime:       0.033444 s ( 91.4% CPU)
(1) Solve time:             0.000473 s
(1) Computation:            0.000062 s ( 13.0%)
(1) Exchange:               0.000266 s ( 56.2%)
(1) Global comm:            0.000139 s ( 29.4%)
(1) Idle:                   0.000007 s (  1.4%)
(1) Elapsed Wtime:       0.033465 s ( 95.3% CPU)
(3) Solve time:             0.000490 s
(3) Computation:            0.000066 s ( 13.6%)
(3) Exchange:               0.000340 s ( 69.3%)
(3) Global comm:            0.000077 s ( 15.8%)
(3) Idle:                   0.000007 s (  1.4%)
(3) Elapsed Wtime:       0.033381 s ( 95.5% CPU)
(2) Solve time:             0.000451 s
(2) Computation:            0.000070 s ( 15.6%)
(2) Exchange:               0.000318 s ( 70.6%)
(2) Global comm:            0.000055 s ( 12.3%)
(2) Idle:                   0.000007 s (  1.5%)
(2) Elapsed Wtime:       0.033458 s ( 95.1% CPU)

===Config: 2 2, Size: 20x20 ===
(2) Solve time:             0.000644 s
(2) Computation:            0.000144 s ( 22.4%)
(2) Exchange:               0.000415 s ( 64.4%)
(2) Global comm:            0.000076 s ( 11.8%)
(2) Idle:                   0.000010 s (  1.5%)
(2) Elapsed Wtime:       0.033718 s ( 95.4% CPU)
(0) Solve time:             0.000688 s
(0) Computation:            0.000149 s ( 21.6%)
(0) Exchange:               0.000212 s ( 30.8%)
(0) Global comm:            0.000318 s ( 46.3%)
(0) Idle:                   0.000009 s (  1.4%)
Number of iterations : 32
(0) Elapsed Wtime:       0.034563 s ( 91.6% CPU)
(1) Solve time:             0.000678 s
(1) Computation:            0.000147 s ( 21.7%)
(1) Exchange:               0.000337 s ( 49.7%)
(1) Global comm:            0.000185 s ( 27.3%)
(1) Idle:                   0.000009 s (  1.4%)
(1) Elapsed Wtime:       0.033923 s ( 95.0% CPU)
(3) Solve time:             0.000656 s
(3) Computation:            0.000152 s ( 23.1%)
(3) Exchange:               0.000400 s ( 60.9%)
(3) Global comm:            0.000095 s ( 14.4%)
(3) Idle:                   0.000010 s (  1.5%)
(3) Elapsed Wtime:       0.033749 s ( 95.4% CPU)

===Config: 2 2, Size: 30x30 ===
(0) Solve time:             0.001281 s
(0) Computation:            0.000514 s ( 40.1%)
(0) Exchange:               0.000275 s ( 21.5%)
(0) Global comm:            0.000475 s ( 37.1%)
(0) Idle:                   0.000017 s (  1.3%)
Number of iterations : 49
(0) Elapsed Wtime:       0.034914 s ( 93.7% CPU)
(3) Solve time:             0.001231 s
(3) Computation:            0.000491 s ( 39.9%)
(3) Exchange:               0.000559 s ( 45.5%)
(3) Global comm:            0.000163 s ( 13.2%)
(3) Idle:                   0.000017 s (  1.4%)
(3) Elapsed Wtime:       0.035169 s ( 93.9% CPU)
(1) Solve time:             0.001224 s
(1) Computation:            0.000513 s ( 41.9%)
(1) Exchange:               0.000435 s ( 35.6%)
(1) Global comm:            0.000259 s ( 21.1%)
(1) Idle:                   0.000017 s (  1.4%)
(1) Elapsed Wtime:       0.034903 s ( 94.8% CPU)
(2) Solve time:             0.001273 s
(2) Computation:            0.000517 s ( 40.6%)
(2) Exchange:               0.000613 s ( 48.2%)
(2) Global comm:            0.000126 s (  9.9%)
(2) Idle:                   0.000017 s (  1.3%)
(2) Elapsed Wtime:       0.035224 s ( 93.8% CPU)

===Config: 2 2, Size: 50x50 ===
(2) Solve time:             0.003460 s
(2) Computation:            0.002100 s ( 60.7%)
(2) Exchange:               0.001059 s ( 30.6%)
(2) Global comm:            0.000263 s (  7.6%)
(2) Idle:                   0.000037 s (  1.1%)
(2) Elapsed Wtime:       0.029061 s ( 92.9% CPU)
(3) Solve time:             0.003421 s
(3) Computation:            0.002170 s ( 63.4%)
(3) Exchange:               0.000965 s ( 28.2%)
(3) Global comm:            0.000249 s (  7.3%)
(3) Idle:                   0.000037 s (  1.1%)
(3) Elapsed Wtime:       0.035121 s ( 77.6% CPU)
(0) Solve time:             0.003534 s
(0) Computation:            0.002195 s ( 62.1%)
(0) Exchange:               0.000528 s ( 15.0%)
(0) Global comm:            0.000773 s ( 21.9%)
(0) Idle:                   0.000038 s (  1.1%)
Number of iterations : 74
(0) Elapsed Wtime:       0.028908 s ( 92.7% CPU)
(1) Solve time:             0.003448 s
(1) Computation:            0.002113 s ( 61.3%)
(1) Exchange:               0.000770 s ( 22.3%)
(1) Global comm:            0.000527 s ( 15.3%)
(1) Idle:                   0.000038 s (  1.1%)
(1) Elapsed Wtime:       0.028903 s ( 93.9% CPU)

===Config: 2 2, Size: 75x75 ===
(2) Solve time:             0.009210 s
(2) Computation:            0.007006 s ( 76.1%)
(2) Exchange:               0.001551 s ( 16.8%)
(2) Global comm:            0.000543 s (  5.9%)
(2) Idle:                   0.000110 s (  1.2%)
(2) Elapsed Wtime:       0.072330 s ( 62.7% CPU)
(0) Solve time:             0.009332 s
(0) Computation:            0.006823 s ( 73.1%)
(0) Exchange:               0.000859 s (  9.2%)
(0) Global comm:            0.001546 s ( 16.6%)
(0) Idle:                   0.000105 s (  1.1%)
Number of iterations : 109
(0) Elapsed Wtime:       0.046802 s ( 95.4% CPU)
(3) Solve time:             0.009190 s
(3) Computation:            0.007364 s ( 80.1%)
(3) Exchange:               0.001470 s ( 16.0%)
(3) Global comm:            0.000249 s (  2.7%)
(3) Idle:                   0.000107 s (  1.2%)
(3) Elapsed Wtime:       0.075932 s ( 59.3% CPU)
(1) Solve time:             0.009178 s
(1) Computation:            0.007069 s ( 77.0%)
(1) Exchange:               0.001145 s ( 12.5%)
(1) Global comm:            0.000859 s (  9.4%)
(1) Idle:                   0.000104 s (  1.1%)
(1) Elapsed Wtime:       0.046806 s ( 96.3% CPU)

===Config: 2 2, Size: 100x100 ===
(3) Solve time:             0.018030 s
(3) Computation:            0.015841 s ( 87.9%)
(3) Exchange:               0.001687 s (  9.4%)
(3) Global comm:            0.000379 s (  2.1%)
(3) Idle:                   0.000124 s (  0.7%)
(3) Elapsed Wtime:       0.057361 s ( 95.7% CPU)
(1) Solve time:             0.018033 s
(1) Computation:            0.015828 s ( 87.8%)
(1) Exchange:               0.001291 s (  7.2%)
(1) Global comm:            0.000789 s (  4.4%)
(1) Idle:                   0.000125 s (  0.7%)
(1) Elapsed Wtime:       0.057659 s ( 96.5% CPU)
(0) Solve time:             0.018047 s
(0) Computation:            0.015836 s ( 87.7%)
(0) Exchange:               0.000808 s (  4.5%)
(0) Global comm:            0.001279 s (  7.1%)
(0) Idle:                   0.000125 s (  0.7%)
Number of iterations : 141
(0) Elapsed Wtime:       0.057590 s ( 95.5% CPU)
(2) Solve time:             0.017985 s
(2) Computation:            0.015791 s ( 87.8%)
(2) Exchange:               0.001734 s (  9.6%)
(2) Global comm:            0.000337 s (  1.9%)
(2) Idle:                   0.000123 s (  0.7%)
(2) Elapsed Wtime:       0.057483 s ( 96.8% CPU)

