===Config: 1 4, Size: 1000x1000, P=4 ===
(3) Solve time:            17.192222 s
(3) Computation:           16.747602 s ( 97.4%)
(3) Exchange:               0.028111 s (  0.2%)
(3) Global comm:            0.404846 s (  2.4%)
(3) Idle:                   0.011663 s (  0.1%)
(3) Elapsed Wtime:      17.839544 s ( 99.6% CPU)
(1) Solve time:            17.199157 s
(1) Computation:           16.364796 s ( 95.1%)
(1) Exchange:               0.047914 s (  0.3%)
(1) Global comm:            0.774995 s (  4.5%)
(1) Idle:                   0.011453 s (  0.1%)
(1) Elapsed Wtime:      17.836057 s ( 99.6% CPU)
(2) Solve time:            17.189609 s
(2) Computation:           16.579587 s ( 96.5%)
(2) Exchange:               0.026583 s (  0.2%)
(2) Global comm:            0.571817 s (  3.3%)
(2) Idle:                   0.011623 s (  0.1%)
(2) Elapsed Wtime:      17.839646 s ( 99.6% CPU)
(0) Solve time:            17.200226 s
(0) Computation:           16.589917 s ( 96.5%)
(0) Exchange:               0.016690 s (  0.1%)
(0) Global comm:            0.582025 s (  3.4%)
(0) Idle:                   0.011593 s (  0.1%)
Number of iterations : 1241
(0) Elapsed Wtime:      17.840582 s ( 99.6% CPU)

===Config: 2 2, Size: 1000x1000, P=4 ===
(2) Solve time:            17.593621 s
(2) Computation:           17.301714 s ( 98.3%)
(2) Exchange:               0.036167 s (  0.2%)
(2) Global comm:            0.238950 s (  1.4%)
(2) Idle:                   0.016790 s (  0.1%)
(2) Elapsed Wtime:      18.254143 s ( 99.6% CPU)
(1) Solve time:            17.615460 s
(1) Computation:           16.281285 s ( 92.4%)
(1) Exchange:               0.081873 s (  0.5%)
(1) Global comm:            1.240668 s (  7.0%)
(1) Idle:                   0.011633 s (  0.1%)
(1) Elapsed Wtime:      18.261390 s ( 99.6% CPU)
(3) Solve time:            17.594347 s
(3) Computation:           16.690940 s ( 94.9%)
(3) Exchange:               0.052796 s (  0.3%)
(3) Global comm:            0.833602 s (  4.7%)
(3) Idle:                   0.017008 s (  0.1%)
(3) Elapsed Wtime:      18.257311 s ( 99.6% CPU)
(0) Solve time:            17.609429 s
(0) Computation:           16.515450 s ( 93.8%)
(0) Exchange:               0.068772 s (  0.4%)
(0) Global comm:            1.013152 s (  5.8%)
(0) Idle:                   0.012055 s (  0.1%)
Number of iterations : 1241
(0) Elapsed Wtime:      18.253591 s ( 99.6% CPU)

===Config: 1 9, Size: 1000x1000, P=9 ===
(3) Solve time:             9.502269 s
(3) Computation:            7.815479 s ( 82.2%)
(3) Exchange:               0.028660 s (  0.3%)
(3) Global comm:            1.652339 s ( 17.4%)
(3) Idle:                   0.005790 s (  0.1%)
(3) Elapsed Wtime:       9.929867 s ( 99.7% CPU)
(7) Solve time:             9.502695 s
(7) Computation:            9.165824 s ( 96.5%)
(7) Exchange:               0.056548 s (  0.6%)
(7) Global comm:            0.274620 s (  2.9%)
(7) Idle:                   0.005703 s (  0.1%)
(7) Elapsed Wtime:       9.933367 s ( 99.6% CPU)
(2) Solve time:             9.502369 s
(2) Computation:            7.859103 s ( 82.7%)
(2) Exchange:               0.019495 s (  0.2%)
(2) Global comm:            1.618113 s ( 17.0%)
(2) Idle:                   0.005658 s (  0.1%)
(2) Elapsed Wtime:       9.942793 s ( 99.6% CPU)
(0) Solve time:             9.503754 s
(0) Computation:            7.427702 s ( 78.2%)
(0) Exchange:               0.015708 s (  0.2%)
(0) Global comm:            2.055090 s ( 21.6%)
(0) Idle:                   0.005253 s (  0.1%)
Number of iterations : 1241
(0) Elapsed Wtime:       9.946881 s ( 99.6% CPU)
(1) Solve time:             9.501913 s
(1) Computation:            7.783976 s ( 81.9%)
(1) Exchange:               0.013580 s (  0.1%)
(1) Global comm:            1.698758 s ( 17.9%)
(1) Idle:                   0.005600 s (  0.1%)
(1) Elapsed Wtime:       9.935966 s ( 99.6% CPU)
(4) Solve time:             9.502945 s
(4) Computation:            7.489761 s ( 78.8%)
(4) Exchange:               0.053916 s (  0.6%)
(4) Global comm:            1.953797 s ( 20.6%)
(4) Idle:                   0.005471 s (  0.1%)
(4) Elapsed Wtime:       9.951038 s ( 99.6% CPU)
(8) Solve time:             9.502958 s
(8) Computation:            9.147611 s ( 96.3%)
(8) Exchange:               0.059317 s (  0.6%)
(8) Global comm:            0.290313 s (  3.1%)
(8) Idle:                   0.005718 s (  0.1%)
(8) Elapsed Wtime:       9.949722 s ( 99.5% CPU)
(5) Solve time:             9.502753 s
(5) Computation:            9.134390 s ( 96.1%)
(5) Exchange:               0.043423 s (  0.5%)
(5) Global comm:            0.319253 s (  3.4%)
(5) Idle:                   0.005687 s (  0.1%)
(5) Elapsed Wtime:       9.938658 s ( 99.5% CPU)
(6) Solve time:             9.502980 s
(6) Computation:            7.354897 s ( 77.4%)
(6) Exchange:               0.072010 s (  0.8%)
(6) Global comm:            2.070890 s ( 21.8%)
(6) Idle:                   0.005183 s (  0.1%)
(6) Elapsed Wtime:       9.938870 s ( 99.6% CPU)

===Config: 3 3, Size: 1000x1000, P=9 ===
(0) Solve time:             8.384294 s
(0) Computation:            7.720264 s ( 92.1%)
(0) Exchange:               0.037317 s (  0.4%)
(0) Global comm:            0.621280 s (  7.4%)
(0) Idle:                   0.005433 s (  0.1%)
Number of iterations : 1241
(0) Elapsed Wtime:       8.826894 s ( 99.6% CPU)
(8) Solve time:             8.383470 s
(8) Computation:            7.860630 s ( 93.8%)
(8) Exchange:               0.096524 s (  1.2%)
(8) Global comm:            0.420668 s (  5.0%)
(8) Idle:                   0.005648 s (  0.1%)
(8) Elapsed Wtime:       8.834808 s ( 99.6% CPU)
(1) Solve time:             8.383786 s
(1) Computation:            7.884433 s ( 94.0%)
(1) Exchange:               0.025930 s (  0.3%)
(1) Global comm:            0.467912 s (  5.6%)
(1) Idle:                   0.005511 s (  0.1%)
(1) Elapsed Wtime:       8.818780 s ( 99.6% CPU)
(3) Solve time:             8.383712 s
(3) Computation:            7.770751 s ( 92.7%)
(3) Exchange:               0.068792 s (  0.8%)
(3) Global comm:            0.537198 s (  6.4%)
(3) Idle:                   0.006971 s (  0.1%)
(3) Elapsed Wtime:       8.813040 s ( 99.6% CPU)
(2) Solve time:             8.386831 s
(2) Computation:            7.764495 s ( 92.6%)
(2) Exchange:               0.065141 s (  0.8%)
(2) Global comm:            0.550442 s (  6.6%)
(2) Idle:                   0.006753 s (  0.1%)
(2) Elapsed Wtime:       8.823670 s ( 99.6% CPU)
(4) Solve time:             8.387556 s
(4) Computation:            7.615911 s ( 90.8%)
(4) Exchange:               0.084222 s (  1.0%)
(4) Global comm:            0.681972 s (  8.1%)
(4) Idle:                   0.005451 s (  0.1%)
(4) Elapsed Wtime:       8.829319 s ( 99.6% CPU)
(5) Solve time:             8.383012 s
(5) Computation:            7.820627 s ( 93.3%)
(5) Exchange:               0.086667 s (  1.0%)
(5) Global comm:            0.470074 s (  5.6%)
(5) Idle:                   0.005644 s (  0.1%)
(5) Elapsed Wtime:       8.818534 s ( 99.6% CPU)
(6) Solve time:             8.384441 s
(6) Computation:            7.329224 s ( 87.4%)
(6) Exchange:               0.097231 s (  1.2%)
(6) Global comm:            0.952794 s ( 11.4%)
(6) Idle:                   0.005192 s (  0.1%)
(6) Elapsed Wtime:       8.820054 s ( 99.6% CPU)
(7) Solve time:             8.383094 s
(7) Computation:            7.828320 s ( 93.4%)
(7) Exchange:               0.097213 s (  1.2%)
(7) Global comm:            0.451944 s (  5.4%)
(7) Idle:                   0.005618 s (  0.1%)
(7) Elapsed Wtime:       8.817126 s ( 99.5% CPU)

===Config: 1 16, Size: 1000x1000, P=16 ===
(14) Solve time:             6.201780 s
(14) Computation:            5.405482 s ( 87.2%)
(14) Exchange:               0.140108 s (  2.3%)
(14) Global comm:            0.652767 s ( 10.5%)
(14) Idle:                   0.003424 s (  0.1%)
(14) Elapsed Wtime:       6.525733 s ( 99.5% CPU)
(3) Solve time:             6.191885 s
(3) Computation:            4.750085 s ( 76.7%)
(3) Exchange:               0.043232 s (  0.7%)
(3) Global comm:            1.394395 s ( 22.5%)
(3) Idle:                   0.004172 s (  0.1%)
(3) Elapsed Wtime:       6.544384 s ( 99.1% CPU)
(12) Solve time:             6.201967 s
(12) Computation:            5.419488 s ( 87.4%)
(12) Exchange:               0.125571 s (  2.0%)
(12) Global comm:            0.653499 s ( 10.5%)
(12) Idle:                   0.003408 s (  0.1%)
(12) Elapsed Wtime:       6.528324 s ( 99.5% CPU)
(13) Solve time:             6.200139 s
(13) Computation:            3.987063 s ( 64.3%)
(13) Exchange:               0.132831 s (  2.1%)
(13) Global comm:            2.077090 s ( 33.5%)
(13) Idle:                   0.003156 s (  0.1%)
(13) Elapsed Wtime:       6.543027 s ( 99.3% CPU)
(15) Solve time:             6.202222 s
(15) Computation:            5.434964 s ( 87.6%)
(15) Exchange:               0.144751 s (  2.3%)
(15) Global comm:            0.619104 s ( 10.0%)
(15) Idle:                   0.003402 s (  0.1%)
(15) Elapsed Wtime:       6.543028 s ( 99.3% CPU)
(2) Solve time:             6.193844 s
(2) Computation:            4.351242 s ( 70.3%)
(2) Exchange:               0.030055 s (  0.5%)
(2) Global comm:            1.809148 s ( 29.2%)
(2) Idle:                   0.003398 s (  0.1%)
(2) Elapsed Wtime:       6.527004 s ( 99.4% CPU)
(1) Solve time:             6.199150 s
(1) Computation:            4.240614 s ( 68.4%)
(1) Exchange:               0.022365 s (  0.4%)
(1) Global comm:            1.932821 s ( 31.2%)
(1) Idle:                   0.003350 s (  0.1%)
(1) Elapsed Wtime:       6.583121 s ( 98.9% CPU)
(9) Solve time:             6.199175 s
(9) Computation:            4.530751 s ( 73.1%)
(9) Exchange:               0.092711 s (  1.5%)
(9) Global comm:            1.571322 s ( 25.3%)
(9) Idle:                   0.004390 s (  0.1%)
(9) Elapsed Wtime:       6.545375 s ( 99.3% CPU)
(0) Solve time:             6.202333 s
(0) Computation:            4.379449 s ( 70.6%)
(0) Exchange:               0.020675 s (  0.3%)
(0) Global comm:            1.798828 s ( 29.0%)
(0) Idle:                   0.003382 s (  0.1%)
Number of iterations : 1241
(0) Elapsed Wtime:       6.532903 s ( 99.6% CPU)
(10) Solve time:             6.201458 s
(10) Computation:            4.760080 s ( 76.8%)
(10) Exchange:               0.106141 s (  1.7%)
(10) Global comm:            1.331099 s ( 21.5%)
(10) Idle:                   0.004138 s (  0.1%)
(10) Elapsed Wtime:       6.529619 s ( 99.5% CPU)
(8) Solve time:             6.200931 s
(8) Computation:            4.660751 s ( 75.2%)
(8) Exchange:               0.091121 s (  1.5%)
(8) Global comm:            1.444833 s ( 23.3%)
(8) Idle:                   0.004227 s (  0.1%)
(8) Elapsed Wtime:       6.530734 s ( 99.5% CPU)
(4) Solve time:             6.201664 s
(4) Computation:            4.621402 s ( 74.5%)
(4) Exchange:               0.043935 s (  0.7%)
(4) Global comm:            1.532129 s ( 24.7%)
(4) Idle:                   0.004198 s (  0.1%)
(4) Elapsed Wtime:       6.538203 s ( 99.5% CPU)
(7) Solve time:             6.199149 s
(7) Computation:            4.729068 s ( 76.3%)
(7) Exchange:               0.081427 s (  1.3%)
(7) Global comm:            1.384469 s ( 22.3%)
(7) Idle:                   0.004185 s (  0.1%)
(7) Elapsed Wtime:       6.543757 s ( 99.2% CPU)
(11) Solve time:             6.199181 s
(11) Computation:            4.757746 s ( 76.7%)
(11) Exchange:               0.110417 s (  1.8%)
(11) Global comm:            1.327377 s ( 21.4%)
(11) Idle:                   0.003641 s (  0.1%)
(11) Elapsed Wtime:       6.530310 s ( 99.5% CPU)
(6) Solve time:             6.201478 s
(6) Computation:            4.622977 s ( 74.5%)
(6) Exchange:               0.076821 s (  1.2%)
(6) Global comm:            1.497333 s ( 24.1%)
(6) Idle:                   0.004348 s (  0.1%)
(6) Elapsed Wtime:       6.579738 s ( 98.9% CPU)
(5) Solve time:             6.199211 s
(5) Computation:            4.739514 s ( 76.5%)
(5) Exchange:               0.064216 s (  1.0%)
(5) Global comm:            1.391250 s ( 22.4%)
(5) Idle:                   0.004231 s (  0.1%)
(5) Elapsed Wtime:       6.544852 s ( 99.3% CPU)

===Config: 4 4, Size: 1000x1000, P=16 ===
(13) Solve time:             5.153614 s
(13) Computation:            3.917619 s ( 76.0%)
(13) Exchange:               0.133545 s (  2.6%)
(13) Global comm:            1.099340 s ( 21.3%)
(13) Idle:                   0.003110 s (  0.1%)
(13) Elapsed Wtime:       5.478361 s ( 99.6% CPU)
(1) Solve time:             5.147721 s
(1) Computation:            4.393301 s ( 85.3%)
(1) Exchange:               0.043045 s (  0.8%)
(1) Global comm:            0.707799 s ( 13.7%)
(1) Idle:                   0.003576 s (  0.1%)
(1) Elapsed Wtime:       5.481606 s ( 99.5% CPU)
(15) Solve time:             5.154228 s
(15) Computation:            4.359051 s ( 84.6%)
(15) Exchange:               0.147552 s (  2.9%)
(15) Global comm:            0.644341 s ( 12.5%)
(15) Idle:                   0.003284 s (  0.1%)
(15) Elapsed Wtime:       5.475748 s ( 99.6% CPU)
(14) Solve time:             5.153491 s
(14) Computation:            4.371324 s ( 84.8%)
(14) Exchange:               0.144846 s (  2.8%)
(14) Global comm:            0.634068 s ( 12.3%)
(14) Idle:                   0.003253 s (  0.1%)
(14) Elapsed Wtime:       5.480628 s ( 99.6% CPU)
(12) Solve time:             5.153783 s
(12) Computation:            4.364329 s ( 84.7%)
(12) Exchange:               0.127088 s (  2.5%)
(12) Global comm:            0.659132 s ( 12.8%)
(12) Idle:                   0.003234 s (  0.1%)
(12) Elapsed Wtime:       5.480312 s ( 99.6% CPU)
(3) Solve time:             5.151177 s
(3) Computation:            4.389710 s ( 85.2%)
(3) Exchange:               0.059911 s (  1.2%)
(3) Global comm:            0.698066 s ( 13.6%)
(3) Idle:                   0.003491 s (  0.1%)
(3) Elapsed Wtime:       5.478219 s ( 99.5% CPU)
(2) Solve time:             5.150992 s
(2) Computation:            4.410736 s ( 85.6%)
(2) Exchange:               0.055856 s (  1.1%)
(2) Global comm:            0.680818 s ( 13.2%)
(2) Idle:                   0.003581 s (  0.1%)
(2) Elapsed Wtime:       5.482502 s ( 99.5% CPU)
(0) Solve time:             5.151413 s
(0) Computation:            4.464218 s ( 86.7%)
(0) Exchange:               0.017226 s (  0.3%)
(0) Global comm:            0.666334 s ( 12.9%)
(0) Idle:                   0.003636 s (  0.1%)
Number of iterations : 1241
(0) Elapsed Wtime:       5.482954 s ( 99.5% CPU)
(6) Solve time:             5.149459 s
(6) Computation:            4.424754 s ( 85.9%)
(6) Exchange:               0.085079 s (  1.7%)
(6) Global comm:            0.635891 s ( 12.3%)
(6) Idle:                   0.003735 s (  0.1%)
(6) Elapsed Wtime:       5.481198 s ( 99.5% CPU)
(5) Solve time:             5.149916 s
(5) Computation:            4.659032 s ( 90.5%)
(5) Exchange:               0.047873 s (  0.9%)
(5) Global comm:            0.439158 s (  8.5%)
(5) Idle:                   0.003853 s (  0.1%)
(5) Elapsed Wtime:       5.480896 s ( 99.5% CPU)
(7) Solve time:             5.150814 s
(7) Computation:            4.477969 s ( 86.9%)
(7) Exchange:               0.094619 s (  1.8%)
(7) Global comm:            0.574539 s ( 11.2%)
(7) Idle:                   0.003687 s (  0.1%)
(7) Elapsed Wtime:       5.478338 s ( 99.5% CPU)
(10) Solve time:             5.150436 s
(10) Computation:            4.472946 s ( 86.8%)
(10) Exchange:               0.110090 s (  2.1%)
(10) Global comm:            0.563939 s ( 10.9%)
(10) Idle:                   0.003462 s (  0.1%)
(10) Elapsed Wtime:       5.486359 s ( 99.5% CPU)
(9) Solve time:             5.149764 s
(9) Computation:            4.481938 s ( 87.0%)
(9) Exchange:               0.106039 s (  2.1%)
(9) Global comm:            0.558332 s ( 10.8%)
(9) Idle:                   0.003455 s (  0.1%)
(9) Elapsed Wtime:       5.481232 s ( 99.5% CPU)
(11) Solve time:             5.151532 s
(11) Computation:            4.471145 s ( 86.8%)
(11) Exchange:               0.134206 s (  2.6%)
(11) Global comm:            0.542857 s ( 10.5%)
(11) Idle:                   0.003324 s (  0.1%)
(11) Elapsed Wtime:       5.478639 s ( 99.5% CPU)
(4) Solve time:             5.150326 s
(4) Computation:            4.471409 s ( 86.8%)
(4) Exchange:               0.061289 s (  1.2%)
(4) Global comm:            0.613881 s ( 11.9%)
(4) Idle:                   0.003745 s (  0.1%)
(4) Elapsed Wtime:       5.482370 s ( 99.5% CPU)
(8) Solve time:             5.150320 s
(8) Computation:            4.474190 s ( 86.9%)
(8) Exchange:               0.091001 s (  1.8%)
(8) Global comm:            0.581701 s ( 11.3%)
(8) Idle:                   0.003429 s (  0.1%)
(8) Elapsed Wtime:       5.482832 s ( 99.5% CPU)

===Config: 1 25, Size: 1000x1000, P=25 ===
(24) Solve time:             3.789129 s
(24) Computation:            2.744071 s ( 72.4%)
(24) Exchange:               0.224951 s (  5.9%)
(24) Global comm:            0.817877 s ( 21.6%)
(24) Idle:                   0.002230 s (  0.1%)
(24) Elapsed Wtime:       4.006217 s ( 99.5% CPU)
(10) Solve time:             3.782777 s
(10) Computation:            3.319088 s ( 87.7%)
(10) Exchange:               0.100341 s (  2.7%)
(10) Global comm:            0.360761 s (  9.5%)
(10) Idle:                   0.002587 s (  0.1%)
(10) Elapsed Wtime:       4.012007 s ( 99.2% CPU)
(21) Solve time:             3.787018 s
(21) Computation:            2.797836 s ( 73.9%)
(21) Exchange:               0.209613 s (  5.5%)
(21) Global comm:            0.777293 s ( 20.5%)
(21) Idle:                   0.002276 s (  0.1%)
(21) Elapsed Wtime:       4.006631 s ( 99.5% CPU)
(23) Solve time:             3.786914 s
(23) Computation:            2.804431 s ( 74.1%)
(23) Exchange:               0.216460 s (  5.7%)
(23) Global comm:            0.763789 s ( 20.2%)
(23) Idle:                   0.002234 s (  0.1%)
(23) Elapsed Wtime:       4.006376 s ( 99.5% CPU)
(22) Solve time:             3.787086 s
(22) Computation:            2.393573 s ( 63.2%)
(22) Exchange:               0.214570 s (  5.7%)
(22) Global comm:            1.176856 s ( 31.1%)
(22) Idle:                   0.002087 s (  0.1%)
(22) Elapsed Wtime:       4.004558 s ( 99.5% CPU)
(12) Solve time:             3.783642 s
(12) Computation:            3.314361 s ( 87.6%)
(12) Exchange:               0.116133 s (  3.1%)
(12) Global comm:            0.350394 s (  9.3%)
(12) Idle:                   0.002753 s (  0.1%)
(12) Elapsed Wtime:       4.001455 s ( 99.3% CPU)
(4) Solve time:             3.783435 s
(4) Computation:            3.345583 s ( 88.4%)
(4) Exchange:               0.036143 s (  1.0%)
(4) Global comm:            0.399100 s ( 10.5%)
(4) Idle:                   0.002610 s (  0.1%)
(4) Elapsed Wtime:       4.011935 s ( 98.8% CPU)
(3) Solve time:             3.783994 s
(3) Computation:            3.325089 s ( 87.9%)
(3) Exchange:               0.036848 s (  1.0%)
(3) Global comm:            0.419574 s ( 11.1%)
(3) Idle:                   0.002482 s (  0.1%)
(3) Elapsed Wtime:       4.011652 s ( 99.1% CPU)
(0) Solve time:             3.786336 s
(0) Computation:            3.242369 s ( 85.6%)
(0) Exchange:               0.015635 s (  0.4%)
(0) Global comm:            0.525963 s ( 13.9%)
(0) Idle:                   0.002369 s (  0.1%)
Number of iterations : 1241
(0) Elapsed Wtime:       4.012399 s ( 99.1% CPU)
(2) Solve time:             3.783312 s
(2) Computation:            3.296551 s ( 87.1%)
(2) Exchange:               0.020926 s (  0.6%)
(2) Global comm:            0.463315 s ( 12.2%)
(2) Idle:                   0.002520 s (  0.1%)
(2) Elapsed Wtime:       4.020578 s ( 98.6% CPU)
(1) Solve time:             3.783715 s
(1) Computation:            3.225604 s ( 85.2%)
(1) Exchange:               0.019730 s (  0.5%)
(1) Global comm:            0.535928 s ( 14.2%)
(1) Idle:                   0.002453 s (  0.1%)
(1) Elapsed Wtime:       4.013362 s ( 99.1% CPU)
(14) Solve time:             3.782530 s
(14) Computation:            3.242926 s ( 85.7%)
(14) Exchange:               0.129081 s (  3.4%)
(14) Global comm:            0.407824 s ( 10.8%)
(14) Idle:                   0.002699 s (  0.1%)
(14) Elapsed Wtime:       4.013531 s ( 99.4% CPU)
(7) Solve time:             3.783875 s
(7) Computation:            3.260046 s ( 86.2%)
(7) Exchange:               0.075919 s (  2.0%)
(7) Global comm:            0.445278 s ( 11.8%)
(7) Idle:                   0.002631 s (  0.1%)
(7) Elapsed Wtime:       4.010480 s ( 99.2% CPU)
(13) Solve time:             3.782560 s
(13) Computation:            3.195242 s ( 84.5%)
(13) Exchange:               0.120580 s (  3.2%)
(13) Global comm:            0.464127 s ( 12.3%)
(13) Idle:                   0.002611 s (  0.1%)
(13) Elapsed Wtime:       4.033961 s ( 98.8% CPU)
(5) Solve time:             3.783497 s
(5) Computation:            3.213538 s ( 84.9%)
(5) Exchange:               0.043307 s (  1.1%)
(5) Global comm:            0.524148 s ( 13.9%)
(5) Idle:                   0.002504 s (  0.1%)
(5) Elapsed Wtime:       4.009782 s ( 99.1% CPU)
(11) Solve time:             3.764064 s
(11) Computation:            3.327273 s ( 88.4%)
(11) Exchange:               0.087626 s (  2.3%)
(11) Global comm:            0.346574 s (  9.2%)
(11) Idle:                   0.002591 s (  0.1%)
(11) Elapsed Wtime:       4.011810 s ( 98.6% CPU)
(18) Solve time:             3.783230 s
(18) Computation:            3.318075 s ( 87.7%)
(18) Exchange:               0.175956 s (  4.7%)
(18) Global comm:            0.286469 s (  7.6%)
(18) Idle:                   0.002729 s (  0.1%)
(18) Elapsed Wtime:       4.011341 s ( 99.7% CPU)
(9) Solve time:             3.783870 s
(9) Computation:            3.318906 s ( 87.7%)
(9) Exchange:               0.079291 s (  2.1%)
(9) Global comm:            0.383177 s ( 10.1%)
(9) Idle:                   0.002497 s (  0.1%)
(9) Elapsed Wtime:       4.012497 s ( 99.1% CPU)
(19) Solve time:             3.765353 s
(19) Computation:            2.781391 s ( 73.9%)
(19) Exchange:               0.161507 s (  4.3%)
(19) Global comm:            0.819854 s ( 21.8%)
(19) Idle:                   0.002601 s (  0.1%)
(19) Elapsed Wtime:       4.011907 s ( 99.3% CPU)
(6) Solve time:             3.783680 s
(6) Computation:            3.204227 s ( 84.7%)
(6) Exchange:               0.072182 s (  1.9%)
(6) Global comm:            0.504729 s ( 13.3%)
(6) Idle:                   0.002542 s (  0.1%)
(6) Elapsed Wtime:       4.009567 s ( 98.9% CPU)
(15) Solve time:             3.780958 s
(15) Computation:            3.294007 s ( 87.1%)
(15) Exchange:               0.140700 s (  3.7%)
(15) Global comm:            0.343602 s (  9.1%)
(15) Idle:                   0.002648 s (  0.1%)
(15) Elapsed Wtime:       4.014242 s ( 98.9% CPU)
(17) Solve time:             3.765443 s
(17) Computation:            3.206742 s ( 85.2%)
(17) Exchange:               0.147092 s (  3.9%)
(17) Global comm:            0.409114 s ( 10.9%)
(17) Idle:                   0.002494 s (  0.1%)
(17) Elapsed Wtime:       4.012716 s ( 99.0% CPU)
(16) Solve time:             3.783201 s
(16) Computation:            3.198004 s ( 84.5%)
(16) Exchange:               0.159734 s (  4.2%)
(16) Global comm:            0.423041 s ( 11.2%)
(16) Idle:                   0.002422 s (  0.1%)
(16) Elapsed Wtime:       4.011736 s ( 99.3% CPU)
(20) Solve time:             3.765511 s
(20) Computation:            3.189630 s ( 84.7%)
(20) Exchange:               0.194344 s (  5.2%)
(20) Global comm:            0.379002 s ( 10.1%)
(20) Idle:                   0.002536 s (  0.1%)
(20) Elapsed Wtime:       4.012862 s ( 98.8% CPU)
(8) Solve time:             3.784036 s
(8) Computation:            3.169873 s ( 83.8%)
(8) Exchange:               0.069700 s (  1.8%)
(8) Global comm:            0.541828 s ( 14.3%)
(8) Idle:                   0.002634 s (  0.1%)
(8) Elapsed Wtime:       4.009026 s ( 99.2% CPU)

===Config: 5 5, Size: 1000x1000, P=25 ===
(22) Solve time:             4.312126 s
(22) Computation:            2.390637 s ( 55.4%)
(22) Exchange:               0.192203 s (  4.5%)
(22) Global comm:            1.727050 s ( 40.1%)
(22) Idle:                   0.002235 s (  0.1%)
(22) Elapsed Wtime:       4.523278 s ( 99.5% CPU)
(21) Solve time:             4.312186 s
(21) Computation:            3.180760 s ( 73.8%)
(21) Exchange:               0.176279 s (  4.1%)
(21) Global comm:            0.952878 s ( 22.1%)
(21) Idle:                   0.002268 s (  0.1%)
(21) Elapsed Wtime:       4.523871 s ( 99.5% CPU)
(23) Solve time:             4.312171 s
(23) Computation:            3.182796 s ( 73.8%)
(23) Exchange:               0.199526 s (  4.6%)
(23) Global comm:            0.927549 s ( 21.5%)
(23) Idle:                   0.002299 s (  0.1%)
(23) Elapsed Wtime:       4.524476 s ( 99.5% CPU)
(24) Solve time:             4.312552 s
(24) Computation:            3.165710 s ( 73.4%)
(24) Exchange:               0.199927 s (  4.6%)
(24) Global comm:            0.944681 s ( 21.9%)
(24) Idle:                   0.002234 s (  0.1%)
(24) Elapsed Wtime:       4.524398 s ( 99.5% CPU)
(10) Solve time:             4.310310 s
(10) Computation:            3.294676 s ( 76.4%)
(10) Exchange:               0.089046 s (  2.1%)
(10) Global comm:            0.923956 s ( 21.4%)
(10) Idle:                   0.002633 s (  0.1%)
(10) Elapsed Wtime:       4.527161 s ( 99.4% CPU)
(3) Solve time:             4.309148 s
(3) Computation:            3.353359 s ( 77.8%)
(3) Exchange:               0.065822 s (  1.5%)
(3) Global comm:            0.887169 s ( 20.6%)
(3) Idle:                   0.002798 s (  0.1%)
(3) Elapsed Wtime:       4.534184 s ( 99.2% CPU)
(12) Solve time:             4.309696 s
(12) Computation:            3.372437 s ( 78.3%)
(12) Exchange:               0.109783 s (  2.5%)
(12) Global comm:            0.824681 s ( 19.1%)
(12) Idle:                   0.002795 s (  0.1%)
(12) Elapsed Wtime:       4.533807 s ( 99.3% CPU)
(4) Solve time:             4.310483 s
(4) Computation:            3.411559 s ( 79.1%)
(4) Exchange:               0.074513 s (  1.7%)
(4) Global comm:            0.821648 s ( 19.1%)
(4) Idle:                   0.002764 s (  0.1%)
(4) Elapsed Wtime:       4.528172 s ( 99.4% CPU)
(2) Solve time:             4.308769 s
(2) Computation:            3.363022 s ( 78.1%)
(2) Exchange:               0.055268 s (  1.3%)
(2) Global comm:            0.887645 s ( 20.6%)
(2) Idle:                   0.002834 s (  0.1%)
(2) Elapsed Wtime:       4.527614 s ( 99.4% CPU)
(0) Solve time:             4.310458 s
(0) Computation:            3.350126 s ( 77.7%)
(0) Exchange:               0.035637 s (  0.8%)
(0) Global comm:            0.921956 s ( 21.4%)
(0) Idle:                   0.002740 s (  0.1%)
Number of iterations : 1241
(0) Elapsed Wtime:       4.528207 s ( 99.4% CPU)
(14) Solve time:             4.310165 s
(14) Computation:            3.379531 s ( 78.4%)
(14) Exchange:               0.144225 s (  3.3%)
(14) Global comm:            0.783845 s ( 18.2%)
(14) Idle:                   0.002565 s (  0.1%)
(14) Elapsed Wtime:       4.534014 s ( 99.3% CPU)
(9) Solve time:             4.311399 s
(9) Computation:            3.326791 s ( 77.2%)
(9) Exchange:               0.096775 s (  2.2%)
(9) Global comm:            0.885311 s ( 20.5%)
(9) Idle:                   0.002522 s (  0.1%)
(9) Elapsed Wtime:       4.527346 s ( 99.5% CPU)
(1) Solve time:             4.311152 s
(1) Computation:            2.915688 s ( 67.6%)
(1) Exchange:               0.027388 s (  0.6%)
(1) Global comm:            1.365499 s ( 31.7%)
(1) Idle:                   0.002577 s (  0.1%)
(1) Elapsed Wtime:       4.534772 s ( 99.3% CPU)
(19) Solve time:             4.303231 s
(19) Computation:            3.401580 s ( 79.0%)
(19) Exchange:               0.184302 s (  4.3%)
(19) Global comm:            0.714781 s ( 16.6%)
(19) Idle:                   0.002568 s (  0.1%)
(19) Elapsed Wtime:       4.527481 s ( 99.3% CPU)
(18) Solve time:             4.307666 s
(18) Computation:            3.476888 s ( 80.7%)
(18) Exchange:               0.173948 s (  4.0%)
(18) Global comm:            0.654253 s ( 15.2%)
(18) Idle:                   0.002578 s (  0.1%)
(18) Elapsed Wtime:       4.534211 s ( 99.2% CPU)
(7) Solve time:             4.309920 s
(7) Computation:            3.272248 s ( 75.9%)
(7) Exchange:               0.082965 s (  1.9%)
(7) Global comm:            0.951770 s ( 22.1%)
(7) Idle:                   0.002937 s (  0.1%)
(7) Elapsed Wtime:       4.531071 s ( 99.2% CPU)
(15) Solve time:             4.311249 s
(15) Computation:            3.281229 s ( 76.1%)
(15) Exchange:               0.118676 s (  2.8%)
(15) Global comm:            0.908951 s ( 21.1%)
(15) Idle:                   0.002392 s (  0.1%)
(15) Elapsed Wtime:       4.534724 s ( 99.3% CPU)
(11) Solve time:             4.307375 s
(11) Computation:            3.387207 s ( 78.6%)
(11) Exchange:               0.097743 s (  2.3%)
(11) Global comm:            0.819721 s ( 19.0%)
(11) Idle:                   0.002704 s (  0.1%)
(11) Elapsed Wtime:       4.527763 s ( 99.4% CPU)
(6) Solve time:             4.309768 s
(6) Computation:            3.300685 s ( 76.6%)
(6) Exchange:               0.074818 s (  1.7%)
(6) Global comm:            0.931511 s ( 21.6%)
(6) Idle:                   0.002754 s (  0.1%)
(6) Elapsed Wtime:       4.531008 s ( 99.2% CPU)
(17) Solve time:             4.308746 s
(17) Computation:            3.256427 s ( 75.6%)
(17) Exchange:               0.159764 s (  3.7%)
(17) Global comm:            0.889654 s ( 20.6%)
(17) Idle:                   0.002900 s (  0.1%)
(17) Elapsed Wtime:       4.526781 s ( 99.3% CPU)
(13) Solve time:             4.309891 s
(13) Computation:            3.230726 s ( 75.0%)
(13) Exchange:               0.129619 s (  3.0%)
(13) Global comm:            0.946830 s ( 22.0%)
(13) Idle:                   0.002716 s (  0.1%)
(13) Elapsed Wtime:       4.528181 s ( 99.4% CPU)
(8) Solve time:             4.308661 s
(8) Computation:            3.410638 s ( 79.2%)
(8) Exchange:               0.087355 s (  2.0%)
(8) Global comm:            0.807663 s ( 18.7%)
(8) Idle:                   0.003005 s (  0.1%)
(8) Elapsed Wtime:       4.525694 s ( 99.4% CPU)
(20) Solve time:             4.310308 s
(20) Computation:            3.470169 s ( 80.5%)
(20) Exchange:               0.151473 s (  3.5%)
(20) Global comm:            0.686103 s ( 15.9%)
(20) Idle:                   0.002562 s (  0.1%)
(20) Elapsed Wtime:       4.531123 s ( 99.4% CPU)
(5) Solve time:             4.309689 s
(5) Computation:            3.168738 s ( 73.5%)
(5) Exchange:               0.064194 s (  1.5%)
(5) Global comm:            1.073958 s ( 24.9%)
(5) Idle:                   0.002799 s (  0.1%)
(5) Elapsed Wtime:       4.524972 s ( 99.5% CPU)
(16) Solve time:             4.306712 s
(16) Computation:            3.437724 s ( 79.8%)
(16) Exchange:               0.143051 s (  3.3%)
(16) Global comm:            0.723342 s ( 16.8%)
(16) Idle:                   0.002594 s (  0.1%)
(16) Elapsed Wtime:       4.527507 s ( 99.3% CPU)

===Config: 1 36, Size: 1000x1000, P=36 ===
(8) Solve time:             3.621872 s
(8) Computation:            2.576595 s ( 71.1%)
(8) Exchange:               0.227017 s (  6.3%)
(8) Global comm:            0.816119 s ( 22.5%)
(8) Idle:                   0.002141 s (  0.1%)
(8) Elapsed Wtime:       3.823965 s ( 99.3% CPU)
(33) Solve time:             3.624674 s
(33) Computation:            1.654250 s ( 45.6%)
(33) Exchange:               0.389563 s ( 10.7%)
(33) Global comm:            1.579354 s ( 43.6%)
(33) Idle:                   0.001507 s (  0.0%)
(33) Elapsed Wtime:       3.816655 s ( 99.5% CPU)
(14) Solve time:             3.621881 s
(14) Computation:            2.553221 s ( 70.5%)
(14) Exchange:               0.263115 s (  7.3%)
(14) Global comm:            0.803326 s ( 22.2%)
(14) Idle:                   0.002219 s (  0.1%)
(14) Elapsed Wtime:       3.822150 s ( 99.4% CPU)
(34) Solve time:             3.624445 s
(34) Computation:            1.938219 s ( 53.5%)
(34) Exchange:               0.501476 s ( 13.8%)
(34) Global comm:            1.183025 s ( 32.6%)
(34) Idle:                   0.001725 s (  0.0%)
(34) Elapsed Wtime:       3.818079 s ( 99.5% CPU)
(35) Solve time:             3.626853 s
(35) Computation:            1.881209 s ( 51.9%)
(35) Exchange:               0.510948 s ( 14.1%)
(35) Global comm:            1.233047 s ( 34.0%)
(35) Idle:                   0.001649 s (  0.0%)
(35) Elapsed Wtime:       3.818328 s ( 99.5% CPU)
(11) Solve time:             3.621324 s
(11) Computation:            2.611252 s ( 72.1%)
(11) Exchange:               0.230645 s (  6.4%)
(11) Global comm:            0.777325 s ( 21.5%)
(11) Idle:                   0.002103 s (  0.1%)
(11) Elapsed Wtime:       3.822554 s ( 99.3% CPU)
(32) Solve time:             3.624542 s
(32) Computation:            1.945803 s ( 53.7%)
(32) Exchange:               0.514236 s ( 14.2%)
(32) Global comm:            1.162750 s ( 32.1%)
(32) Idle:                   0.001754 s (  0.0%)
(32) Elapsed Wtime:       3.818400 s ( 99.5% CPU)
(6) Solve time:             3.620287 s
(6) Computation:            2.813354 s ( 77.7%)
(6) Exchange:               0.178997 s (  4.9%)
(6) Global comm:            0.625605 s ( 17.3%)
(6) Idle:                   0.002331 s (  0.1%)
(6) Elapsed Wtime:       3.845651 s ( 98.7% CPU)
(7) Solve time:             3.617457 s
(7) Computation:            2.900452 s ( 80.2%)
(7) Exchange:               0.186233 s (  5.1%)
(7) Global comm:            0.528088 s ( 14.6%)
(7) Idle:                   0.002684 s (  0.1%)
(7) Elapsed Wtime:       3.824311 s ( 99.1% CPU)
(21) Solve time:             3.620942 s
(21) Computation:            2.859559 s ( 79.0%)
(21) Exchange:               0.229285 s (  6.3%)
(21) Global comm:            0.529523 s ( 14.6%)
(21) Idle:                   0.002575 s (  0.1%)
(21) Elapsed Wtime:       3.845505 s ( 98.7% CPU)
(20) Solve time:             3.622164 s
(20) Computation:            2.552372 s ( 70.5%)
(20) Exchange:               0.357219 s (  9.9%)
(20) Global comm:            0.710466 s ( 19.6%)
(20) Idle:                   0.002108 s (  0.1%)
(20) Elapsed Wtime:       3.822419 s ( 99.4% CPU)
(23) Solve time:             3.622797 s
(23) Computation:            2.579093 s ( 71.2%)
(23) Exchange:               0.367751 s ( 10.2%)
(23) Global comm:            0.673787 s ( 18.6%)
(23) Idle:                   0.002166 s (  0.1%)
(23) Elapsed Wtime:       3.843322 s ( 98.8% CPU)
(12) Solve time:             3.620074 s
(12) Computation:            2.797233 s ( 77.3%)
(12) Exchange:               0.260744 s (  7.2%)
(12) Global comm:            0.559772 s ( 15.5%)
(12) Idle:                   0.002325 s (  0.1%)
(12) Elapsed Wtime:       3.824326 s ( 99.1% CPU)
(22) Solve time:             3.621874 s
(22) Computation:            2.815872 s ( 77.7%)
(22) Exchange:               0.348487 s (  9.6%)
(22) Global comm:            0.454648 s ( 12.6%)
(22) Idle:                   0.002867 s (  0.1%)
(22) Elapsed Wtime:       3.823363 s ( 99.2% CPU)
(9) Solve time:             3.622568 s
(9) Computation:            2.745781 s ( 75.8%)
(9) Exchange:               0.103803 s (  2.9%)
(9) Global comm:            0.770364 s ( 21.3%)
(9) Idle:                   0.002620 s (  0.1%)
(9) Elapsed Wtime:       3.844696 s ( 98.6% CPU)
(5) Solve time:             3.621655 s
(5) Computation:            2.570734 s ( 71.0%)
(5) Exchange:               0.166818 s (  4.6%)
(5) Global comm:            0.882069 s ( 24.4%)
(5) Idle:                   0.002035 s (  0.1%)
(5) Elapsed Wtime:       3.821696 s ( 99.4% CPU)
(15) Solve time:             3.620299 s
(15) Computation:            2.863363 s ( 79.1%)
(15) Exchange:               0.270078 s (  7.5%)
(15) Global comm:            0.484443 s ( 13.4%)
(15) Idle:                   0.002415 s (  0.1%)
(15) Elapsed Wtime:       3.822805 s ( 99.2% CPU)
(2) Solve time:             3.621497 s
(2) Computation:            2.558063 s ( 70.6%)
(2) Exchange:               0.034299 s (  0.9%)
(2) Global comm:            1.027123 s ( 28.4%)
(2) Idle:                   0.002012 s (  0.1%)
(2) Elapsed Wtime:       3.819598 s ( 99.3% CPU)
(10) Solve time:             3.619390 s
(10) Computation:            2.856824 s ( 78.9%)
(10) Exchange:               0.211298 s (  5.8%)
(10) Global comm:            0.548374 s ( 15.2%)
(10) Idle:                   0.002894 s (  0.1%)
(10) Elapsed Wtime:       3.844847 s ( 98.7% CPU)
(18) Solve time:             3.622738 s
(18) Computation:            2.787187 s ( 76.9%)
(18) Exchange:               0.301727 s (  8.3%)
(18) Global comm:            0.531376 s ( 14.7%)
(18) Idle:                   0.002448 s (  0.1%)
(18) Elapsed Wtime:       3.824402 s ( 99.1% CPU)
(17) Solve time:             3.622319 s
(17) Computation:            2.584421 s ( 71.3%)
(17) Exchange:               0.187997 s (  5.2%)
(17) Global comm:            0.847736 s ( 23.4%)
(17) Idle:                   0.002165 s (  0.1%)
(17) Elapsed Wtime:       3.822772 s ( 99.3% CPU)
(25) Solve time:             3.619674 s
(25) Computation:            2.854799 s ( 78.9%)
(25) Exchange:               0.274001 s (  7.6%)
(25) Global comm:            0.488408 s ( 13.5%)
(25) Idle:                   0.002466 s (  0.1%)
(25) Elapsed Wtime:       3.824772 s ( 99.1% CPU)
(19) Solve time:             3.619021 s
(19) Computation:            2.875724 s ( 79.5%)
(19) Exchange:               0.310012 s (  8.6%)
(19) Global comm:            0.430534 s ( 11.9%)
(19) Idle:                   0.002752 s (  0.1%)
(19) Elapsed Wtime:       3.844870 s ( 98.6% CPU)
(1) Solve time:             3.620083 s
(1) Computation:            2.845103 s ( 78.6%)
(1) Exchange:               0.150694 s (  4.2%)
(1) Global comm:            0.621961 s ( 17.2%)
(1) Idle:                   0.002324 s (  0.1%)
(1) Elapsed Wtime:       3.820907 s ( 99.2% CPU)
(0) Solve time:             3.625145 s
(0) Computation:            2.599288 s ( 71.7%)
(0) Exchange:               0.021806 s (  0.6%)
(0) Global comm:            1.001933 s ( 27.6%)
(0) Idle:                   0.002118 s (  0.1%)
Number of iterations : 1241
(0) Elapsed Wtime:       3.841143 s ( 98.5% CPU)
(3) Solve time:             3.620047 s
(3) Computation:            2.800295 s ( 77.4%)
(3) Exchange:               0.037514 s (  1.0%)
(3) Global comm:            0.780139 s ( 21.6%)
(3) Idle:                   0.002099 s (  0.1%)
(3) Elapsed Wtime:       3.842227 s ( 98.6% CPU)
(28) Solve time:             3.619731 s
(28) Computation:            2.811722 s ( 77.7%)
(28) Exchange:               0.436298 s ( 12.1%)
(28) Global comm:            0.369402 s ( 10.2%)
(28) Idle:                   0.002309 s (  0.1%)
(28) Elapsed Wtime:       3.845403 s ( 98.6% CPU)
(30) Solve time:             3.620198 s
(30) Computation:            2.779664 s ( 76.8%)
(30) Exchange:               0.435660 s ( 12.0%)
(30) Global comm:            0.402622 s ( 11.1%)
(30) Idle:                   0.002252 s (  0.1%)
(30) Elapsed Wtime:       3.878231 s ( 97.6% CPU)
(4) Solve time:             3.622315 s
(4) Computation:            2.819199 s ( 77.8%)
(4) Exchange:               0.156713 s (  4.3%)
(4) Global comm:            0.644141 s ( 17.8%)
(4) Idle:                   0.002262 s (  0.1%)
(4) Elapsed Wtime:       3.824216 s ( 99.2% CPU)
(16) Solve time:             3.618533 s
(16) Computation:            2.886551 s ( 79.8%)
(16) Exchange:               0.297713 s (  8.2%)
(16) Global comm:            0.431495 s ( 11.9%)
(16) Idle:                   0.002774 s (  0.1%)
(16) Elapsed Wtime:       3.844862 s ( 98.5% CPU)
(29) Solve time:             3.618772 s
(29) Computation:            2.841332 s ( 78.5%)
(29) Exchange:               0.316733 s (  8.8%)
(29) Global comm:            0.458271 s ( 12.7%)
(29) Idle:                   0.002436 s (  0.1%)
(29) Elapsed Wtime:       3.844857 s ( 98.6% CPU)
(24) Solve time:             3.620260 s
(24) Computation:            2.813205 s ( 77.7%)
(24) Exchange:               0.396480 s ( 11.0%)
(24) Global comm:            0.408096 s ( 11.3%)
(24) Idle:                   0.002480 s (  0.1%)
(24) Elapsed Wtime:       3.845504 s ( 98.6% CPU)
(26) Solve time:             3.620473 s
(26) Computation:            2.801902 s ( 77.4%)
(26) Exchange:               0.390224 s ( 10.8%)
(26) Global comm:            0.425889 s ( 11.8%)
(26) Idle:                   0.002459 s (  0.1%)
(26) Elapsed Wtime:       3.845333 s ( 98.6% CPU)
(27) Solve time:             3.622297 s
(27) Computation:            2.811838 s ( 77.6%)
(27) Exchange:               0.410557 s ( 11.3%)
(27) Global comm:            0.397301 s ( 11.0%)
(27) Idle:                   0.002601 s (  0.1%)
(27) Elapsed Wtime:       3.843957 s ( 98.7% CPU)
(31) Solve time:             3.618028 s
(31) Computation:            2.760669 s ( 76.3%)
(31) Exchange:               0.472818 s ( 13.1%)
(31) Global comm:            0.382672 s ( 10.6%)
(31) Idle:                   0.001869 s (  0.1%)
(31) Elapsed Wtime:       3.844223 s ( 98.4% CPU)
(13) Solve time:             3.620729 s
(13) Computation:            2.775300 s ( 76.7%)
(13) Exchange:               0.142427 s (  3.9%)
(13) Global comm:            0.700286 s ( 19.3%)
(13) Idle:                   0.002715 s (  0.1%)
(13) Elapsed Wtime:       3.824082 s ( 99.2% CPU)

===Config: 6 6, Size: 1000x1000, P=36 ===
(8) Solve time:             3.493319 s
(8) Computation:            2.114040 s ( 60.5%)
(8) Exchange:               0.086086 s (  2.5%)
(8) Global comm:            1.291316 s ( 37.0%)
(8) Idle:                   0.001877 s (  0.1%)
(8) Elapsed Wtime:       3.648486 s ( 99.4% CPU)
(35) Solve time:             3.496708 s
(35) Computation:            1.864165 s ( 53.3%)
(35) Exchange:               0.337413 s (  9.6%)
(35) Global comm:            1.293444 s ( 37.0%)
(35) Idle:                   0.001686 s (  0.0%)
(35) Elapsed Wtime:       3.645009 s ( 99.5% CPU)
(34) Solve time:             3.496168 s
(34) Computation:            1.877693 s ( 53.7%)
(34) Exchange:               0.309780 s (  8.9%)
(34) Global comm:            1.306997 s ( 37.4%)
(34) Idle:                   0.001697 s (  0.0%)
(34) Elapsed Wtime:       3.645048 s ( 99.5% CPU)
(32) Solve time:             3.496279 s
(32) Computation:            1.867147 s ( 53.4%)
(32) Exchange:               0.319100 s (  9.1%)
(32) Global comm:            1.308362 s ( 37.4%)
(32) Idle:                   0.001670 s (  0.0%)
(32) Elapsed Wtime:       3.645057 s ( 99.4% CPU)
(33) Solve time:             3.496672 s
(33) Computation:            1.607802 s ( 46.0%)
(33) Exchange:               0.330140 s (  9.4%)
(33) Global comm:            1.557193 s ( 44.5%)
(33) Idle:                   0.001537 s (  0.0%)
(33) Elapsed Wtime:       3.645548 s ( 99.4% CPU)
(5) Solve time:             3.494167 s
(5) Computation:            2.060533 s ( 59.0%)
(5) Exchange:               0.057366 s (  1.6%)
(5) Global comm:            1.374530 s ( 39.3%)
(5) Idle:                   0.001737 s (  0.0%)
(5) Elapsed Wtime:       3.649324 s ( 99.4% CPU)
(10) Solve time:             3.491473 s
(10) Computation:            2.860735 s ( 81.9%)
(10) Exchange:               0.068834 s (  2.0%)
(10) Global comm:            0.559684 s ( 16.0%)
(10) Idle:                   0.002221 s (  0.1%)
(10) Elapsed Wtime:       3.653184 s ( 99.2% CPU)
(11) Solve time:             3.494127 s
(11) Computation:            2.148229 s ( 61.5%)
(11) Exchange:               0.106380 s (  3.0%)
(11) Global comm:            1.237682 s ( 35.4%)
(11) Idle:                   0.001836 s (  0.1%)
(11) Elapsed Wtime:       3.650695 s ( 99.4% CPU)
(14) Solve time:             3.493021 s
(14) Computation:            2.106016 s ( 60.3%)
(14) Exchange:               0.085358 s (  2.4%)
(14) Global comm:            1.299743 s ( 37.2%)
(14) Idle:                   0.001904 s (  0.1%)
(14) Elapsed Wtime:       3.647857 s ( 99.4% CPU)
(21) Solve time:             3.492758 s
(21) Computation:            2.815126 s ( 80.6%)
(21) Exchange:               0.183377 s (  5.3%)
(21) Global comm:            0.492325 s ( 14.1%)
(21) Idle:                   0.001930 s (  0.1%)
(21) Elapsed Wtime:       3.652789 s ( 99.2% CPU)
(20) Solve time:             3.493072 s
(20) Computation:            2.088975 s ( 59.8%)
(20) Exchange:               0.142991 s (  4.1%)
(20) Global comm:            1.259084 s ( 36.0%)
(20) Idle:                   0.002021 s (  0.1%)
(20) Elapsed Wtime:       3.650676 s ( 99.4% CPU)
(4) Solve time:             3.492201 s
(4) Computation:            2.854833 s ( 81.7%)
(4) Exchange:               0.043513 s (  1.2%)
(4) Global comm:            0.591591 s ( 16.9%)
(4) Idle:                   0.002264 s (  0.1%)
(4) Elapsed Wtime:       3.653807 s ( 99.1% CPU)
(12) Solve time:             3.493943 s
(12) Computation:            2.764556 s ( 79.1%)
(12) Exchange:               0.089665 s (  2.6%)
(12) Global comm:            0.637485 s ( 18.2%)
(12) Idle:                   0.002237 s (  0.1%)
(12) Elapsed Wtime:       3.653104 s ( 99.2% CPU)
(2) Solve time:             3.493727 s
(2) Computation:            2.060702 s ( 59.0%)
(2) Exchange:               0.037890 s (  1.1%)
(2) Global comm:            1.393335 s ( 39.9%)
(2) Idle:                   0.001801 s (  0.1%)
(2) Elapsed Wtime:       3.647429 s ( 99.4% CPU)
(15) Solve time:             3.492677 s
(15) Computation:            2.822653 s ( 80.8%)
(15) Exchange:               0.116329 s (  3.3%)
(15) Global comm:            0.551623 s ( 15.8%)
(15) Idle:                   0.002071 s (  0.1%)
(15) Elapsed Wtime:       3.653004 s ( 99.1% CPU)
(17) Solve time:             3.493653 s
(17) Computation:            2.107320 s ( 60.3%)
(17) Exchange:               0.134877 s (  3.9%)
(17) Global comm:            1.249689 s ( 35.8%)
(17) Idle:                   0.001767 s (  0.1%)
(17) Elapsed Wtime:       3.650818 s ( 99.4% CPU)
(23) Solve time:             3.494346 s
(23) Computation:            2.118789 s ( 60.6%)
(23) Exchange:               0.215182 s (  6.2%)
(23) Global comm:            1.158552 s ( 33.2%)
(23) Idle:                   0.001824 s (  0.1%)
(23) Elapsed Wtime:       3.650782 s ( 99.4% CPU)
(6) Solve time:             3.492571 s
(6) Computation:            2.770615 s ( 79.3%)
(6) Exchange:               0.037213 s (  1.1%)
(6) Global comm:            0.682543 s ( 19.5%)
(6) Idle:                   0.002200 s (  0.1%)
(6) Elapsed Wtime:       3.652826 s ( 99.2% CPU)
(7) Solve time:             3.491609 s
(7) Computation:            2.877915 s ( 82.4%)
(7) Exchange:               0.071495 s (  2.0%)
(7) Global comm:            0.539808 s ( 15.5%)
(7) Idle:                   0.002392 s (  0.1%)
(7) Elapsed Wtime:       3.653809 s ( 99.1% CPU)
(30) Solve time:             3.494227 s
(30) Computation:            2.777649 s ( 79.5%)
(30) Exchange:               0.193107 s (  5.5%)
(30) Global comm:            0.521562 s ( 14.9%)
(30) Idle:                   0.001909 s (  0.1%)
(30) Elapsed Wtime:       3.652777 s ( 99.2% CPU)
(3) Solve time:             3.492984 s
(3) Computation:            2.748477 s ( 78.7%)
(3) Exchange:               0.063775 s (  1.8%)
(3) Global comm:            0.678482 s ( 19.4%)
(3) Idle:                   0.002250 s (  0.1%)
(3) Elapsed Wtime:       3.649715 s ( 99.2% CPU)
(13) Solve time:             3.491820 s
(13) Computation:            2.834854 s ( 81.2%)
(13) Exchange:               0.099803 s (  2.9%)
(13) Global comm:            0.554907 s ( 15.9%)
(13) Idle:                   0.002257 s (  0.1%)
(13) Elapsed Wtime:       3.653283 s ( 99.2% CPU)
(0) Solve time:             3.494241 s
(0) Computation:            2.728240 s ( 78.1%)
(0) Exchange:               0.014883 s (  0.4%)
(0) Global comm:            0.748784 s ( 21.4%)
(0) Idle:                   0.002333 s (  0.1%)
Number of iterations : 1241
(0) Elapsed Wtime:       3.677062 s ( 98.3% CPU)
(22) Solve time:             3.492722 s
(22) Computation:            2.858079 s ( 81.8%)
(22) Exchange:               0.177309 s (  5.1%)
(22) Global comm:            0.455221 s ( 13.0%)
(22) Idle:                   0.002112 s (  0.1%)
(22) Elapsed Wtime:       3.653245 s ( 99.2% CPU)
(1) Solve time:             3.491438 s
(1) Computation:            2.806887 s ( 80.4%)
(1) Exchange:               0.021034 s (  0.6%)
(1) Global comm:            0.661157 s ( 18.9%)
(1) Idle:                   0.002359 s (  0.1%)
(1) Elapsed Wtime:       3.650167 s ( 99.2% CPU)
(18) Solve time:             3.493503 s
(18) Computation:            2.805776 s ( 80.3%)
(18) Exchange:               0.087404 s (  2.5%)
(18) Global comm:            0.598166 s ( 17.1%)
(18) Idle:                   0.002157 s (  0.1%)
(18) Elapsed Wtime:       3.652995 s ( 99.2% CPU)
(9) Solve time:             3.492320 s
(9) Computation:            2.811106 s ( 80.5%)
(9) Exchange:               0.089132 s (  2.6%)
(9) Global comm:            0.589833 s ( 16.9%)
(9) Idle:                   0.002249 s (  0.1%)
(9) Elapsed Wtime:       3.651955 s ( 99.2% CPU)
(26) Solve time:             3.491063 s
(26) Computation:            2.812190 s ( 80.6%)
(26) Exchange:               0.189284 s (  5.4%)
(26) Global comm:            0.487572 s ( 14.0%)
(26) Idle:                   0.002018 s (  0.1%)
(26) Elapsed Wtime:       3.652812 s ( 99.1% CPU)
(24) Solve time:             3.492846 s
(24) Computation:            2.777757 s ( 79.5%)
(24) Exchange:               0.142437 s (  4.1%)
(24) Global comm:            0.570455 s ( 16.3%)
(24) Idle:                   0.002197 s (  0.1%)
(24) Elapsed Wtime:       3.653181 s ( 99.1% CPU)
(19) Solve time:             3.490886 s
(19) Computation:            3.021165 s ( 86.5%)
(19) Exchange:               0.124376 s (  3.6%)
(19) Global comm:            0.343004 s (  9.8%)
(19) Idle:                   0.002342 s (  0.1%)
(19) Elapsed Wtime:       3.653284 s ( 94.0% CPU)
(25) Solve time:             3.491826 s
(25) Computation:            2.845957 s ( 81.5%)
(25) Exchange:               0.167333 s (  4.8%)
(25) Global comm:            0.476425 s ( 13.6%)
(25) Idle:                   0.002112 s (  0.1%)
(25) Elapsed Wtime:       3.653431 s ( 99.2% CPU)
(31) Solve time:             3.490862 s
(31) Computation:            2.826761 s ( 81.0%)
(31) Exchange:               0.302839 s (  8.7%)
(31) Global comm:            0.359231 s ( 10.3%)
(31) Idle:                   0.002031 s (  0.1%)
(31) Elapsed Wtime:       3.653308 s ( 99.0% CPU)
(16) Solve time:             3.490183 s
(16) Computation:            2.868606 s ( 82.2%)
(16) Exchange:               0.119898 s (  3.4%)
(16) Global comm:            0.499368 s ( 14.3%)
(16) Idle:                   0.002311 s (  0.1%)
(16) Elapsed Wtime:       3.653594 s ( 99.1% CPU)
(28) Solve time:             3.490770 s
(28) Computation:            2.814493 s ( 80.6%)
(28) Exchange:               0.285098 s (  8.2%)
(28) Global comm:            0.389240 s ( 11.2%)
(28) Idle:                   0.001939 s (  0.1%)
(28) Elapsed Wtime:       3.653195 s ( 99.0% CPU)
(29) Solve time:             3.490348 s
(29) Computation:            2.832664 s ( 81.2%)
(29) Exchange:               0.295723 s (  8.5%)
(29) Global comm:            0.359969 s ( 10.3%)
(29) Idle:                   0.001993 s (  0.1%)
(29) Elapsed Wtime:       3.653433 s ( 99.1% CPU)
(27) Solve time:             3.454445 s
(27) Computation:            2.871984 s ( 83.1%)
(27) Exchange:               0.205030 s (  5.9%)
(27) Global comm:            0.375222 s ( 10.9%)
(27) Idle:                   0.002209 s (  0.1%)
(27) Elapsed Wtime:       3.653500 s ( 98.1% CPU)

