Matrix size 8000 X 8000 
Power method in CPU starts
*************************************
CPU lamda at 0: 298463.031250 
CPU lamda at 1: 399984.968750 
CPU lamda at 2: 399989.781250 
CPU lamda at 3: 399990.187500 
CPU lamda at 4: 399990.062500 
CPU lamda at 5: 399990.062500 
*************************************
CPU: run time = 0.890844 secs.
Power method in CPU is finished

Power method in GPU starts
This GPU has major architecture 8, minor 0 
*************************************
GPU lamda at 0: 298446.593750
GPU lamda at 1: 399984.843750
GPU lamda at 2: 399990.218750
GPU lamda at 3: 399990.468750
GPU lamda at 4: 399990.562500
GPU lamda at 5: 399990.250000
GPU lamda at 6: 399990.406250
GPU lamda at 7: 399990.500000
GPU lamda at 8: 399990.406250
GPU lamda at 9: 399990.375000
GPU lamda at 10: 399990.500000
GPU lamda at 11: 399990.250000
GPU lamda at 12: 399990.562500
GPU lamda at 13: 399990.375000
GPU lamda at 14: 399990.468750
GPU lamda at 15: 399990.375000
GPU lamda at 16: 399990.375000
*************************************
GPU: Total runtime (incl. Memory copies) = 0.142735 secs.
